<?xml version="1.0" encoding="ISO-8859-1" ?>
<link_info>
   <banner>MSP430 Linker PC v18.12.4.LTS</banner>
   <copyright>Copyright (c) 2003-2018 Texas Instruments Incorporated</copyright>
   <link_time>0x5e4a8812</link_time>
   <link_errors>0x0</link_errors>
   <output_file>BOOSTXL-AUDIO_430BOOST-SHARP96_FFT_FIR_LEA_MSP430FR5994.out</output_file>
   <entry_point>
      <name>_c_int00_noargs_mpu</name>
      <address>0x5d14</address>
   </entry_point>
   <input_file_list>
      <input_file id="fl-2">
         <path>.\</path>
         <kind>object</kind>
         <file>main.obj</file>
         <name>main.obj</name>
      </input_file>
      <input_file id="fl-3">
         <path>.\DSPLib\source\filter\</path>
         <kind>object</kind>
         <file>msp_biquad_cascade_df1_q15.obj</file>
         <name>msp_biquad_cascade_df1_q15.obj</name>
      </input_file>
      <input_file id="fl-4">
         <path>.\DSPLib\source\filter\</path>
         <kind>object</kind>
         <file>msp_biquad_cascade_df2_ext_q15.obj</file>
         <name>msp_biquad_cascade_df2_ext_q15.obj</name>
      </input_file>
      <input_file id="fl-5">
         <path>.\DSPLib\source\filter\</path>
         <kind>object</kind>
         <file>msp_biquad_cascade_df2_q15.obj</file>
         <name>msp_biquad_cascade_df2_q15.obj</name>
      </input_file>
      <input_file id="fl-6">
         <path>.\DSPLib\source\filter\</path>
         <kind>object</kind>
         <file>msp_biquad_df1_q15.obj</file>
         <name>msp_biquad_df1_q15.obj</name>
      </input_file>
      <input_file id="fl-7">
         <path>.\DSPLib\source\filter\</path>
         <kind>object</kind>
         <file>msp_biquad_df2_ext_q15.obj</file>
         <name>msp_biquad_df2_ext_q15.obj</name>
      </input_file>
      <input_file id="fl-8">
         <path>.\DSPLib\source\filter\</path>
         <kind>object</kind>
         <file>msp_biquad_df2_q15.obj</file>
         <name>msp_biquad_df2_q15.obj</name>
      </input_file>
      <input_file id="fl-9">
         <path>.\DSPLib\source\filter\</path>
         <kind>object</kind>
         <file>msp_cmplx_fir_iq31.obj</file>
         <name>msp_cmplx_fir_iq31.obj</name>
      </input_file>
      <input_file id="fl-a">
         <path>.\DSPLib\source\filter\</path>
         <kind>object</kind>
         <file>msp_cmplx_fir_q15.obj</file>
         <name>msp_cmplx_fir_q15.obj</name>
      </input_file>
      <input_file id="fl-b">
         <path>.\DSPLib\source\filter\</path>
         <kind>object</kind>
         <file>msp_fir_iq31.obj</file>
         <name>msp_fir_iq31.obj</name>
      </input_file>
      <input_file id="fl-c">
         <path>.\DSPLib\source\filter\</path>
         <kind>object</kind>
         <file>msp_fir_q15.obj</file>
         <name>msp_fir_q15.obj</name>
      </input_file>
      <input_file id="fl-d">
         <path>.\DSPLib\source\lea\</path>
         <kind>object</kind>
         <file>msp_lea_flags.obj</file>
         <name>msp_lea_flags.obj</name>
      </input_file>
      <input_file id="fl-e">
         <path>.\DSPLib\source\lea\</path>
         <kind>object</kind>
         <file>msp_lea_init.obj</file>
         <name>msp_lea_init.obj</name>
      </input_file>
      <input_file id="fl-f">
         <path>.\DSPLib\source\lea\</path>
         <kind>object</kind>
         <file>msp_lea_isr.obj</file>
         <name>msp_lea_isr.obj</name>
      </input_file>
      <input_file id="fl-10">
         <path>.\DSPLib\source\lea\</path>
         <kind>object</kind>
         <file>msp_lea_patch.obj</file>
         <name>msp_lea_patch.obj</name>
      </input_file>
      <input_file id="fl-11">
         <path>.\DSPLib\source\matrix\</path>
         <kind>object</kind>
         <file>msp_matrix_abs_iq31.obj</file>
         <name>msp_matrix_abs_iq31.obj</name>
      </input_file>
      <input_file id="fl-12">
         <path>.\DSPLib\source\matrix\</path>
         <kind>object</kind>
         <file>msp_matrix_abs_q15.obj</file>
         <name>msp_matrix_abs_q15.obj</name>
      </input_file>
      <input_file id="fl-13">
         <path>.\DSPLib\source\matrix\</path>
         <kind>object</kind>
         <file>msp_matrix_add_iq31.obj</file>
         <name>msp_matrix_add_iq31.obj</name>
      </input_file>
      <input_file id="fl-14">
         <path>.\DSPLib\source\matrix\</path>
         <kind>object</kind>
         <file>msp_matrix_add_q15.obj</file>
         <name>msp_matrix_add_q15.obj</name>
      </input_file>
      <input_file id="fl-15">
         <path>.\DSPLib\source\matrix\</path>
         <kind>object</kind>
         <file>msp_matrix_mpy_iq31.obj</file>
         <name>msp_matrix_mpy_iq31.obj</name>
      </input_file>
      <input_file id="fl-16">
         <path>.\DSPLib\source\matrix\</path>
         <kind>object</kind>
         <file>msp_matrix_mpy_q15.obj</file>
         <name>msp_matrix_mpy_q15.obj</name>
      </input_file>
      <input_file id="fl-17">
         <path>.\DSPLib\source\matrix\</path>
         <kind>object</kind>
         <file>msp_matrix_neg_iq31.obj</file>
         <name>msp_matrix_neg_iq31.obj</name>
      </input_file>
      <input_file id="fl-18">
         <path>.\DSPLib\source\matrix\</path>
         <kind>object</kind>
         <file>msp_matrix_neg_q15.obj</file>
         <name>msp_matrix_neg_q15.obj</name>
      </input_file>
      <input_file id="fl-19">
         <path>.\DSPLib\source\matrix\</path>
         <kind>object</kind>
         <file>msp_matrix_offset_iq31.obj</file>
         <name>msp_matrix_offset_iq31.obj</name>
      </input_file>
      <input_file id="fl-1a">
         <path>.\DSPLib\source\matrix\</path>
         <kind>object</kind>
         <file>msp_matrix_offset_q15.obj</file>
         <name>msp_matrix_offset_q15.obj</name>
      </input_file>
      <input_file id="fl-1b">
         <path>.\DSPLib\source\matrix\</path>
         <kind>object</kind>
         <file>msp_matrix_scale_iq31.obj</file>
         <name>msp_matrix_scale_iq31.obj</name>
      </input_file>
      <input_file id="fl-1c">
         <path>.\DSPLib\source\matrix\</path>
         <kind>object</kind>
         <file>msp_matrix_scale_q15.obj</file>
         <name>msp_matrix_scale_q15.obj</name>
      </input_file>
      <input_file id="fl-1d">
         <path>.\DSPLib\source\matrix\</path>
         <kind>object</kind>
         <file>msp_matrix_shift_iq31.obj</file>
         <name>msp_matrix_shift_iq31.obj</name>
      </input_file>
      <input_file id="fl-1e">
         <path>.\DSPLib\source\matrix\</path>
         <kind>object</kind>
         <file>msp_matrix_shift_q15.obj</file>
         <name>msp_matrix_shift_q15.obj</name>
      </input_file>
      <input_file id="fl-1f">
         <path>.\DSPLib\source\matrix\</path>
         <kind>object</kind>
         <file>msp_matrix_sub_iq31.obj</file>
         <name>msp_matrix_sub_iq31.obj</name>
      </input_file>
      <input_file id="fl-20">
         <path>.\DSPLib\source\matrix\</path>
         <kind>object</kind>
         <file>msp_matrix_sub_q15.obj</file>
         <name>msp_matrix_sub_q15.obj</name>
      </input_file>
      <input_file id="fl-21">
         <path>.\DSPLib\source\matrix\</path>
         <kind>object</kind>
         <file>msp_matrix_trans_iq31.obj</file>
         <name>msp_matrix_trans_iq31.obj</name>
      </input_file>
      <input_file id="fl-22">
         <path>.\DSPLib\source\matrix\</path>
         <kind>object</kind>
         <file>msp_matrix_trans_q15.obj</file>
         <name>msp_matrix_trans_q15.obj</name>
      </input_file>
      <input_file id="fl-23">
         <path>.\DSPLib\source\transform\</path>
         <kind>object</kind>
         <file>msp_cmplx_bitrev_iq31.obj</file>
         <name>msp_cmplx_bitrev_iq31.obj</name>
      </input_file>
      <input_file id="fl-24">
         <path>.\DSPLib\source\transform\</path>
         <kind>object</kind>
         <file>msp_cmplx_bitrev_q15.obj</file>
         <name>msp_cmplx_bitrev_q15.obj</name>
      </input_file>
      <input_file id="fl-25">
         <path>.\DSPLib\source\transform\</path>
         <kind>object</kind>
         <file>msp_cmplx_fft_auto_q15.obj</file>
         <name>msp_cmplx_fft_auto_q15.obj</name>
      </input_file>
      <input_file id="fl-26">
         <path>.\DSPLib\source\transform\</path>
         <kind>object</kind>
         <file>msp_cmplx_fft_fixed_q15.obj</file>
         <name>msp_cmplx_fft_fixed_q15.obj</name>
      </input_file>
      <input_file id="fl-27">
         <path>.\DSPLib\source\transform\</path>
         <kind>object</kind>
         <file>msp_cmplx_fft_iq31.obj</file>
         <name>msp_cmplx_fft_iq31.obj</name>
      </input_file>
      <input_file id="fl-28">
         <path>.\DSPLib\source\transform\</path>
         <kind>object</kind>
         <file>msp_cmplx_ifft_auto_q15.obj</file>
         <name>msp_cmplx_ifft_auto_q15.obj</name>
      </input_file>
      <input_file id="fl-29">
         <path>.\DSPLib\source\transform\</path>
         <kind>object</kind>
         <file>msp_cmplx_ifft_fixed_q15.obj</file>
         <name>msp_cmplx_ifft_fixed_q15.obj</name>
      </input_file>
      <input_file id="fl-2a">
         <path>.\DSPLib\source\transform\</path>
         <kind>object</kind>
         <file>msp_cmplx_ifft_iq31.obj</file>
         <name>msp_cmplx_ifft_iq31.obj</name>
      </input_file>
      <input_file id="fl-2b">
         <path>.\DSPLib\source\transform\</path>
         <kind>object</kind>
         <file>msp_fft_auto_q15.obj</file>
         <name>msp_fft_auto_q15.obj</name>
      </input_file>
      <input_file id="fl-2c">
         <path>.\DSPLib\source\transform\</path>
         <kind>object</kind>
         <file>msp_fft_fixed_q15.obj</file>
         <name>msp_fft_fixed_q15.obj</name>
      </input_file>
      <input_file id="fl-2d">
         <path>.\DSPLib\source\transform\</path>
         <kind>object</kind>
         <file>msp_fft_iq31.obj</file>
         <name>msp_fft_iq31.obj</name>
      </input_file>
      <input_file id="fl-2e">
         <path>.\DSPLib\source\transform\</path>
         <kind>object</kind>
         <file>msp_ifft_auto_q15.obj</file>
         <name>msp_ifft_auto_q15.obj</name>
      </input_file>
      <input_file id="fl-2f">
         <path>.\DSPLib\source\transform\</path>
         <kind>object</kind>
         <file>msp_ifft_fixed_q15.obj</file>
         <name>msp_ifft_fixed_q15.obj</name>
      </input_file>
      <input_file id="fl-30">
         <path>.\DSPLib\source\transform\</path>
         <kind>object</kind>
         <file>msp_ifft_iq31.obj</file>
         <name>msp_ifft_iq31.obj</name>
      </input_file>
      <input_file id="fl-31">
         <path>.\DSPLib\source\transform\</path>
         <kind>object</kind>
         <file>msp_split_iq31.obj</file>
         <name>msp_split_iq31.obj</name>
      </input_file>
      <input_file id="fl-32">
         <path>.\DSPLib\source\transform\</path>
         <kind>object</kind>
         <file>msp_split_q15.obj</file>
         <name>msp_split_q15.obj</name>
      </input_file>
      <input_file id="fl-33">
         <path>.\DSPLib\source\transform\</path>
         <kind>object</kind>
         <file>msp_transform_tables.obj</file>
         <name>msp_transform_tables.obj</name>
      </input_file>
      <input_file id="fl-34">
         <path>.\DSPLib\source\utility\</path>
         <kind>object</kind>
         <file>msp_cmplx_fill_iq31.obj</file>
         <name>msp_cmplx_fill_iq31.obj</name>
      </input_file>
      <input_file id="fl-35">
         <path>.\DSPLib\source\utility\</path>
         <kind>object</kind>
         <file>msp_cmplx_fill_q15.obj</file>
         <name>msp_cmplx_fill_q15.obj</name>
      </input_file>
      <input_file id="fl-36">
         <path>.\DSPLib\source\utility\</path>
         <kind>object</kind>
         <file>msp_cmplx_iq31.obj</file>
         <name>msp_cmplx_iq31.obj</name>
      </input_file>
      <input_file id="fl-37">
         <path>.\DSPLib\source\utility\</path>
         <kind>object</kind>
         <file>msp_cmplx_q15.obj</file>
         <name>msp_cmplx_q15.obj</name>
      </input_file>
      <input_file id="fl-38">
         <path>.\DSPLib\source\utility\</path>
         <kind>object</kind>
         <file>msp_copy_iq31.obj</file>
         <name>msp_copy_iq31.obj</name>
      </input_file>
      <input_file id="fl-39">
         <path>.\DSPLib\source\utility\</path>
         <kind>object</kind>
         <file>msp_copy_q15.obj</file>
         <name>msp_copy_q15.obj</name>
      </input_file>
      <input_file id="fl-3a">
         <path>.\DSPLib\source\utility\</path>
         <kind>object</kind>
         <file>msp_deinterleave_iq31.obj</file>
         <name>msp_deinterleave_iq31.obj</name>
      </input_file>
      <input_file id="fl-3b">
         <path>.\DSPLib\source\utility\</path>
         <kind>object</kind>
         <file>msp_deinterleave_q15.obj</file>
         <name>msp_deinterleave_q15.obj</name>
      </input_file>
      <input_file id="fl-3c">
         <path>.\DSPLib\source\utility\</path>
         <kind>object</kind>
         <file>msp_fill_iq31.obj</file>
         <name>msp_fill_iq31.obj</name>
      </input_file>
      <input_file id="fl-3d">
         <path>.\DSPLib\source\utility\</path>
         <kind>object</kind>
         <file>msp_fill_q15.obj</file>
         <name>msp_fill_q15.obj</name>
      </input_file>
      <input_file id="fl-3e">
         <path>.\DSPLib\source\utility\</path>
         <kind>object</kind>
         <file>msp_interleave_iq31.obj</file>
         <name>msp_interleave_iq31.obj</name>
      </input_file>
      <input_file id="fl-3f">
         <path>.\DSPLib\source\utility\</path>
         <kind>object</kind>
         <file>msp_interleave_q15.obj</file>
         <name>msp_interleave_q15.obj</name>
      </input_file>
      <input_file id="fl-40">
         <path>.\DSPLib\source\utility\</path>
         <kind>object</kind>
         <file>msp_iq31_to_q15.obj</file>
         <name>msp_iq31_to_q15.obj</name>
      </input_file>
      <input_file id="fl-41">
         <path>.\DSPLib\source\utility\</path>
         <kind>object</kind>
         <file>msp_q15_to_iq31.obj</file>
         <name>msp_q15_to_iq31.obj</name>
      </input_file>
      <input_file id="fl-42">
         <path>.\DSPLib\source\utility\</path>
         <kind>object</kind>
         <file>msp_sinusoid_q15.obj</file>
         <name>msp_sinusoid_q15.obj</name>
      </input_file>
      <input_file id="fl-43">
         <path>.\DSPLib\source\vector\</path>
         <kind>object</kind>
         <file>msp_abs_iq31.obj</file>
         <name>msp_abs_iq31.obj</name>
      </input_file>
      <input_file id="fl-44">
         <path>.\DSPLib\source\vector\</path>
         <kind>object</kind>
         <file>msp_abs_q15.obj</file>
         <name>msp_abs_q15.obj</name>
      </input_file>
      <input_file id="fl-45">
         <path>.\DSPLib\source\vector\</path>
         <kind>object</kind>
         <file>msp_add_iq31.obj</file>
         <name>msp_add_iq31.obj</name>
      </input_file>
      <input_file id="fl-46">
         <path>.\DSPLib\source\vector\</path>
         <kind>object</kind>
         <file>msp_add_q15.obj</file>
         <name>msp_add_q15.obj</name>
      </input_file>
      <input_file id="fl-47">
         <path>.\DSPLib\source\vector\</path>
         <kind>object</kind>
         <file>msp_cmplx_add_iq31.obj</file>
         <name>msp_cmplx_add_iq31.obj</name>
      </input_file>
      <input_file id="fl-48">
         <path>.\DSPLib\source\vector\</path>
         <kind>object</kind>
         <file>msp_cmplx_add_q15.obj</file>
         <name>msp_cmplx_add_q15.obj</name>
      </input_file>
      <input_file id="fl-49">
         <path>.\DSPLib\source\vector\</path>
         <kind>object</kind>
         <file>msp_cmplx_conj_iq31.obj</file>
         <name>msp_cmplx_conj_iq31.obj</name>
      </input_file>
      <input_file id="fl-4a">
         <path>.\DSPLib\source\vector\</path>
         <kind>object</kind>
         <file>msp_cmplx_conj_q15.obj</file>
         <name>msp_cmplx_conj_q15.obj</name>
      </input_file>
      <input_file id="fl-4b">
         <path>.\DSPLib\source\vector\</path>
         <kind>object</kind>
         <file>msp_cmplx_mac_iq31.obj</file>
         <name>msp_cmplx_mac_iq31.obj</name>
      </input_file>
      <input_file id="fl-4c">
         <path>.\DSPLib\source\vector\</path>
         <kind>object</kind>
         <file>msp_cmplx_mac_q15.obj</file>
         <name>msp_cmplx_mac_q15.obj</name>
      </input_file>
      <input_file id="fl-4d">
         <path>.\DSPLib\source\vector\</path>
         <kind>object</kind>
         <file>msp_cmplx_mpy_iq31.obj</file>
         <name>msp_cmplx_mpy_iq31.obj</name>
      </input_file>
      <input_file id="fl-4e">
         <path>.\DSPLib\source\vector\</path>
         <kind>object</kind>
         <file>msp_cmplx_mpy_q15.obj</file>
         <name>msp_cmplx_mpy_q15.obj</name>
      </input_file>
      <input_file id="fl-4f">
         <path>.\DSPLib\source\vector\</path>
         <kind>object</kind>
         <file>msp_cmplx_mpy_real_iq31.obj</file>
         <name>msp_cmplx_mpy_real_iq31.obj</name>
      </input_file>
      <input_file id="fl-50">
         <path>.\DSPLib\source\vector\</path>
         <kind>object</kind>
         <file>msp_cmplx_mpy_real_q15.obj</file>
         <name>msp_cmplx_mpy_real_q15.obj</name>
      </input_file>
      <input_file id="fl-51">
         <path>.\DSPLib\source\vector\</path>
         <kind>object</kind>
         <file>msp_cmplx_scale_iq31.obj</file>
         <name>msp_cmplx_scale_iq31.obj</name>
      </input_file>
      <input_file id="fl-52">
         <path>.\DSPLib\source\vector\</path>
         <kind>object</kind>
         <file>msp_cmplx_scale_q15.obj</file>
         <name>msp_cmplx_scale_q15.obj</name>
      </input_file>
      <input_file id="fl-53">
         <path>.\DSPLib\source\vector\</path>
         <kind>object</kind>
         <file>msp_cmplx_shift_iq31.obj</file>
         <name>msp_cmplx_shift_iq31.obj</name>
      </input_file>
      <input_file id="fl-54">
         <path>.\DSPLib\source\vector\</path>
         <kind>object</kind>
         <file>msp_cmplx_shift_q15.obj</file>
         <name>msp_cmplx_shift_q15.obj</name>
      </input_file>
      <input_file id="fl-55">
         <path>.\DSPLib\source\vector\</path>
         <kind>object</kind>
         <file>msp_cmplx_sub_iq31.obj</file>
         <name>msp_cmplx_sub_iq31.obj</name>
      </input_file>
      <input_file id="fl-56">
         <path>.\DSPLib\source\vector\</path>
         <kind>object</kind>
         <file>msp_cmplx_sub_q15.obj</file>
         <name>msp_cmplx_sub_q15.obj</name>
      </input_file>
      <input_file id="fl-57">
         <path>.\DSPLib\source\vector\</path>
         <kind>object</kind>
         <file>msp_mac_iq31.obj</file>
         <name>msp_mac_iq31.obj</name>
      </input_file>
      <input_file id="fl-58">
         <path>.\DSPLib\source\vector\</path>
         <kind>object</kind>
         <file>msp_mac_q15.obj</file>
         <name>msp_mac_q15.obj</name>
      </input_file>
      <input_file id="fl-59">
         <path>.\DSPLib\source\vector\</path>
         <kind>object</kind>
         <file>msp_max_iq31.obj</file>
         <name>msp_max_iq31.obj</name>
      </input_file>
      <input_file id="fl-5a">
         <path>.\DSPLib\source\vector\</path>
         <kind>object</kind>
         <file>msp_max_q15.obj</file>
         <name>msp_max_q15.obj</name>
      </input_file>
      <input_file id="fl-5b">
         <path>.\DSPLib\source\vector\</path>
         <kind>object</kind>
         <file>msp_max_uq15.obj</file>
         <name>msp_max_uq15.obj</name>
      </input_file>
      <input_file id="fl-5c">
         <path>.\DSPLib\source\vector\</path>
         <kind>object</kind>
         <file>msp_max_uq31.obj</file>
         <name>msp_max_uq31.obj</name>
      </input_file>
      <input_file id="fl-5d">
         <path>.\DSPLib\source\vector\</path>
         <kind>object</kind>
         <file>msp_min_iq31.obj</file>
         <name>msp_min_iq31.obj</name>
      </input_file>
      <input_file id="fl-5e">
         <path>.\DSPLib\source\vector\</path>
         <kind>object</kind>
         <file>msp_min_q15.obj</file>
         <name>msp_min_q15.obj</name>
      </input_file>
      <input_file id="fl-5f">
         <path>.\DSPLib\source\vector\</path>
         <kind>object</kind>
         <file>msp_min_uq15.obj</file>
         <name>msp_min_uq15.obj</name>
      </input_file>
      <input_file id="fl-60">
         <path>.\DSPLib\source\vector\</path>
         <kind>object</kind>
         <file>msp_min_uq31.obj</file>
         <name>msp_min_uq31.obj</name>
      </input_file>
      <input_file id="fl-61">
         <path>.\DSPLib\source\vector\</path>
         <kind>object</kind>
         <file>msp_mpy_iq31.obj</file>
         <name>msp_mpy_iq31.obj</name>
      </input_file>
      <input_file id="fl-62">
         <path>.\DSPLib\source\vector\</path>
         <kind>object</kind>
         <file>msp_mpy_q15.obj</file>
         <name>msp_mpy_q15.obj</name>
      </input_file>
      <input_file id="fl-63">
         <path>.\DSPLib\source\vector\</path>
         <kind>object</kind>
         <file>msp_neg_iq31.obj</file>
         <name>msp_neg_iq31.obj</name>
      </input_file>
      <input_file id="fl-64">
         <path>.\DSPLib\source\vector\</path>
         <kind>object</kind>
         <file>msp_neg_q15.obj</file>
         <name>msp_neg_q15.obj</name>
      </input_file>
      <input_file id="fl-65">
         <path>.\DSPLib\source\vector\</path>
         <kind>object</kind>
         <file>msp_offset_iq31.obj</file>
         <name>msp_offset_iq31.obj</name>
      </input_file>
      <input_file id="fl-66">
         <path>.\DSPLib\source\vector\</path>
         <kind>object</kind>
         <file>msp_offset_q15.obj</file>
         <name>msp_offset_q15.obj</name>
      </input_file>
      <input_file id="fl-67">
         <path>.\DSPLib\source\vector\</path>
         <kind>object</kind>
         <file>msp_scale_iq31.obj</file>
         <name>msp_scale_iq31.obj</name>
      </input_file>
      <input_file id="fl-68">
         <path>.\DSPLib\source\vector\</path>
         <kind>object</kind>
         <file>msp_scale_q15.obj</file>
         <name>msp_scale_q15.obj</name>
      </input_file>
      <input_file id="fl-69">
         <path>.\DSPLib\source\vector\</path>
         <kind>object</kind>
         <file>msp_shift_iq31.obj</file>
         <name>msp_shift_iq31.obj</name>
      </input_file>
      <input_file id="fl-6a">
         <path>.\DSPLib\source\vector\</path>
         <kind>object</kind>
         <file>msp_shift_q15.obj</file>
         <name>msp_shift_q15.obj</name>
      </input_file>
      <input_file id="fl-6b">
         <path>.\DSPLib\source\vector\</path>
         <kind>object</kind>
         <file>msp_sub_iq31.obj</file>
         <name>msp_sub_iq31.obj</name>
      </input_file>
      <input_file id="fl-6c">
         <path>.\DSPLib\source\vector\</path>
         <kind>object</kind>
         <file>msp_sub_q15.obj</file>
         <name>msp_sub_q15.obj</name>
      </input_file>
      <input_file id="fl-6d">
         <path>.\application\</path>
         <kind>object</kind>
         <file>FFT.obj</file>
         <name>FFT.obj</name>
      </input_file>
      <input_file id="fl-6e">
         <path>.\application\</path>
         <kind>object</kind>
         <file>FFT_430.obj</file>
         <name>FFT_430.obj</name>
      </input_file>
      <input_file id="fl-6f">
         <path>.\application\</path>
         <kind>object</kind>
         <file>application.obj</file>
         <name>application.obj</name>
      </input_file>
      <input_file id="fl-70">
         <path>.\application\</path>
         <kind>object</kind>
         <file>audio_collect.obj</file>
         <name>audio_collect.obj</name>
      </input_file>
      <input_file id="fl-71">
         <path>.\application\</path>
         <kind>object</kind>
         <file>audio_playback.obj</file>
         <name>audio_playback.obj</name>
      </input_file>
      <input_file id="fl-72">
         <path>.\application\</path>
         <kind>object</kind>
         <file>benchmark.obj</file>
         <name>benchmark.obj</name>
      </input_file>
      <input_file id="fl-73">
         <path>.\application\</path>
         <kind>object</kind>
         <file>dac8311.obj</file>
         <name>dac8311.obj</name>
      </input_file>
      <input_file id="fl-74">
         <path>.\application\</path>
         <kind>object</kind>
         <file>fir.obj</file>
         <name>fir.obj</name>
      </input_file>
      <input_file id="fl-75">
         <path>.\driverlib\MSP430FR5xx_6xx\</path>
         <kind>object</kind>
         <file>adc12_b.obj</file>
         <name>adc12_b.obj</name>
      </input_file>
      <input_file id="fl-76">
         <path>.\driverlib\MSP430FR5xx_6xx\</path>
         <kind>object</kind>
         <file>aes256.obj</file>
         <name>aes256.obj</name>
      </input_file>
      <input_file id="fl-77">
         <path>.\driverlib\MSP430FR5xx_6xx\</path>
         <kind>object</kind>
         <file>comp_e.obj</file>
         <name>comp_e.obj</name>
      </input_file>
      <input_file id="fl-78">
         <path>.\driverlib\MSP430FR5xx_6xx\</path>
         <kind>object</kind>
         <file>crc.obj</file>
         <name>crc.obj</name>
      </input_file>
      <input_file id="fl-79">
         <path>.\driverlib\MSP430FR5xx_6xx\</path>
         <kind>object</kind>
         <file>crc32.obj</file>
         <name>crc32.obj</name>
      </input_file>
      <input_file id="fl-7a">
         <path>.\driverlib\MSP430FR5xx_6xx\</path>
         <kind>object</kind>
         <file>cs.obj</file>
         <name>cs.obj</name>
      </input_file>
      <input_file id="fl-7b">
         <path>.\driverlib\MSP430FR5xx_6xx\</path>
         <kind>object</kind>
         <file>dma.obj</file>
         <name>dma.obj</name>
      </input_file>
      <input_file id="fl-7c">
         <path>.\driverlib\MSP430FR5xx_6xx\</path>
         <kind>object</kind>
         <file>esi.obj</file>
         <name>esi.obj</name>
      </input_file>
      <input_file id="fl-7d">
         <path>.\driverlib\MSP430FR5xx_6xx\</path>
         <kind>object</kind>
         <file>eusci_a_spi.obj</file>
         <name>eusci_a_spi.obj</name>
      </input_file>
      <input_file id="fl-7e">
         <path>.\driverlib\MSP430FR5xx_6xx\</path>
         <kind>object</kind>
         <file>eusci_a_uart.obj</file>
         <name>eusci_a_uart.obj</name>
      </input_file>
      <input_file id="fl-7f">
         <path>.\driverlib\MSP430FR5xx_6xx\</path>
         <kind>object</kind>
         <file>eusci_b_i2c.obj</file>
         <name>eusci_b_i2c.obj</name>
      </input_file>
      <input_file id="fl-80">
         <path>.\driverlib\MSP430FR5xx_6xx\</path>
         <kind>object</kind>
         <file>eusci_b_spi.obj</file>
         <name>eusci_b_spi.obj</name>
      </input_file>
      <input_file id="fl-81">
         <path>.\driverlib\MSP430FR5xx_6xx\</path>
         <kind>object</kind>
         <file>framctl.obj</file>
         <name>framctl.obj</name>
      </input_file>
      <input_file id="fl-82">
         <path>.\driverlib\MSP430FR5xx_6xx\</path>
         <kind>object</kind>
         <file>framctl_a.obj</file>
         <name>framctl_a.obj</name>
      </input_file>
      <input_file id="fl-83">
         <path>.\driverlib\MSP430FR5xx_6xx\</path>
         <kind>object</kind>
         <file>gpio.obj</file>
         <name>gpio.obj</name>
      </input_file>
      <input_file id="fl-84">
         <path>.\driverlib\MSP430FR5xx_6xx\</path>
         <kind>object</kind>
         <file>lcd_c.obj</file>
         <name>lcd_c.obj</name>
      </input_file>
      <input_file id="fl-85">
         <path>.\driverlib\MSP430FR5xx_6xx\</path>
         <kind>object</kind>
         <file>mpu.obj</file>
         <name>mpu.obj</name>
      </input_file>
      <input_file id="fl-86">
         <path>.\driverlib\MSP430FR5xx_6xx\</path>
         <kind>object</kind>
         <file>mpy32.obj</file>
         <name>mpy32.obj</name>
      </input_file>
      <input_file id="fl-87">
         <path>.\driverlib\MSP430FR5xx_6xx\</path>
         <kind>object</kind>
         <file>pmm.obj</file>
         <name>pmm.obj</name>
      </input_file>
      <input_file id="fl-88">
         <path>.\driverlib\MSP430FR5xx_6xx\</path>
         <kind>object</kind>
         <file>ram.obj</file>
         <name>ram.obj</name>
      </input_file>
      <input_file id="fl-89">
         <path>.\driverlib\MSP430FR5xx_6xx\</path>
         <kind>object</kind>
         <file>ref_a.obj</file>
         <name>ref_a.obj</name>
      </input_file>
      <input_file id="fl-8a">
         <path>.\driverlib\MSP430FR5xx_6xx\</path>
         <kind>object</kind>
         <file>rtc_b.obj</file>
         <name>rtc_b.obj</name>
      </input_file>
      <input_file id="fl-8b">
         <path>.\driverlib\MSP430FR5xx_6xx\</path>
         <kind>object</kind>
         <file>rtc_c.obj</file>
         <name>rtc_c.obj</name>
      </input_file>
      <input_file id="fl-8c">
         <path>.\driverlib\MSP430FR5xx_6xx\</path>
         <kind>object</kind>
         <file>sfr.obj</file>
         <name>sfr.obj</name>
      </input_file>
      <input_file id="fl-8d">
         <path>.\driverlib\MSP430FR5xx_6xx\</path>
         <kind>object</kind>
         <file>sysctl.obj</file>
         <name>sysctl.obj</name>
      </input_file>
      <input_file id="fl-8e">
         <path>.\driverlib\MSP430FR5xx_6xx\</path>
         <kind>object</kind>
         <file>timer_a.obj</file>
         <name>timer_a.obj</name>
      </input_file>
      <input_file id="fl-8f">
         <path>.\driverlib\MSP430FR5xx_6xx\</path>
         <kind>object</kind>
         <file>timer_b.obj</file>
         <name>timer_b.obj</name>
      </input_file>
      <input_file id="fl-90">
         <path>.\driverlib\MSP430FR5xx_6xx\</path>
         <kind>object</kind>
         <file>tlv.obj</file>
         <name>tlv.obj</name>
      </input_file>
      <input_file id="fl-91">
         <path>.\driverlib\MSP430FR5xx_6xx\</path>
         <kind>object</kind>
         <file>wdt_a.obj</file>
         <name>wdt_a.obj</name>
      </input_file>
      <input_file id="fl-92">
         <path>.\grlib\LcdDriver\</path>
         <kind>object</kind>
         <file>HAL_MSP_EXP430FR5994_Sharp96x96.obj</file>
         <name>HAL_MSP_EXP430FR5994_Sharp96x96.obj</name>
      </input_file>
      <input_file id="fl-93">
         <path>.\grlib\LcdDriver\</path>
         <kind>object</kind>
         <file>Sharp96x96.obj</file>
         <name>Sharp96x96.obj</name>
      </input_file>
      <input_file id="fl-94">
         <path>.\grlib\</path>
         <kind>object</kind>
         <file>button.obj</file>
         <name>button.obj</name>
      </input_file>
      <input_file id="fl-95">
         <path>.\grlib\</path>
         <kind>object</kind>
         <file>checkbox.obj</file>
         <name>checkbox.obj</name>
      </input_file>
      <input_file id="fl-96">
         <path>.\grlib\</path>
         <kind>object</kind>
         <file>circle.obj</file>
         <name>circle.obj</name>
      </input_file>
      <input_file id="fl-97">
         <path>.\grlib\</path>
         <kind>object</kind>
         <file>context.obj</file>
         <name>context.obj</name>
      </input_file>
      <input_file id="fl-98">
         <path>.\grlib\</path>
         <kind>object</kind>
         <file>display.obj</file>
         <name>display.obj</name>
      </input_file>
      <input_file id="fl-99">
         <path>.\grlib\</path>
         <kind>object</kind>
         <file>image.obj</file>
         <name>image.obj</name>
      </input_file>
      <input_file id="fl-9a">
         <path>.\grlib\</path>
         <kind>object</kind>
         <file>imageButton.obj</file>
         <name>imageButton.obj</name>
      </input_file>
      <input_file id="fl-9b">
         <path>.\grlib\</path>
         <kind>object</kind>
         <file>line.obj</file>
         <name>line.obj</name>
      </input_file>
      <input_file id="fl-9c">
         <path>.\grlib\</path>
         <kind>object</kind>
         <file>radioButton.obj</file>
         <name>radioButton.obj</name>
      </input_file>
      <input_file id="fl-9d">
         <path>.\grlib\</path>
         <kind>object</kind>
         <file>rectangle.obj</file>
         <name>rectangle.obj</name>
      </input_file>
      <input_file id="fl-9e">
         <path>.\grlib\</path>
         <kind>object</kind>
         <file>string.obj</file>
         <name>string.obj</name>
      </input_file>
      <input_file id="fl-9f">
         <path>.\grlib\fonts\</path>
         <kind>object</kind>
         <file>fontfixed6x8.obj</file>
         <name>fontfixed6x8.obj</name>
      </input_file>
      <input_file id="fl-a0">
         <path>.\grlib\images\</path>
         <kind>object</kind>
         <file>LPRocket_96x37.obj</file>
         <name>LPRocket_96x37.obj</name>
      </input_file>
      <input_file id="fl-a1">
         <path>.\grlib\images\</path>
         <kind>object</kind>
         <file>TI_Logo_69x64.obj</file>
         <name>TI_Logo_69x64.obj</name>
      </input_file>
      <input_file id="fl-a2">
         <path>.\grlib\images\</path>
         <kind>object</kind>
         <file>Wolverine_slash.obj</file>
         <name>Wolverine_slash.obj</name>
      </input_file>
      <input_file id="fl-a9">
         <kind>object</kind>
         <file>&lt;internal&gt;</file>
         <name>&lt;internal&gt;</name>
      </input_file>
      <input_file id="fl-c9">
         <path>C:\ti\ccs930\ccs\tools\compiler\ti-cgt-msp430_18.12.4.LTS\lib\</path>
         <kind>archive</kind>
         <file>rts430x_lc_rd_eabi.lib</file>
         <name>copy_decompress_lzss.c.obj</name>
      </input_file>
      <input_file id="fl-ca">
         <path>C:\ti\ccs930\ccs\tools\compiler\ti-cgt-msp430_18.12.4.LTS\lib\</path>
         <kind>archive</kind>
         <file>rts430x_lc_rd_eabi.lib</file>
         <name>copy_decompress_none.c.obj</name>
      </input_file>
      <input_file id="fl-cb">
         <path>C:\ti\ccs930\ccs\tools\compiler\ti-cgt-msp430_18.12.4.LTS\lib\</path>
         <kind>archive</kind>
         <file>rts430x_lc_rd_eabi.lib</file>
         <name>int19.asm.obj</name>
      </input_file>
      <input_file id="fl-cc">
         <path>C:\ti\ccs930\ccs\tools\compiler\ti-cgt-msp430_18.12.4.LTS\lib\</path>
         <kind>archive</kind>
         <file>rts430x_lc_rd_eabi.lib</file>
         <name>isr_trap.asm.obj</name>
      </input_file>
      <input_file id="fl-cd">
         <path>C:\ti\ccs930\ccs\tools\compiler\ti-cgt-msp430_18.12.4.LTS\lib\</path>
         <kind>archive</kind>
         <file>rts430x_lc_rd_eabi.lib</file>
         <name>int20.asm.obj</name>
      </input_file>
      <input_file id="fl-ce">
         <path>C:\ti\ccs930\ccs\tools\compiler\ti-cgt-msp430_18.12.4.LTS\lib\</path>
         <kind>archive</kind>
         <file>rts430x_lc_rd_eabi.lib</file>
         <name>int21.asm.obj</name>
      </input_file>
      <input_file id="fl-cf">
         <path>C:\ti\ccs930\ccs\tools\compiler\ti-cgt-msp430_18.12.4.LTS\lib\</path>
         <kind>archive</kind>
         <file>rts430x_lc_rd_eabi.lib</file>
         <name>int22.asm.obj</name>
      </input_file>
      <input_file id="fl-d0">
         <path>C:\ti\ccs930\ccs\tools\compiler\ti-cgt-msp430_18.12.4.LTS\lib\</path>
         <kind>archive</kind>
         <file>rts430x_lc_rd_eabi.lib</file>
         <name>int23.asm.obj</name>
      </input_file>
      <input_file id="fl-d1">
         <path>C:\ti\ccs930\ccs\tools\compiler\ti-cgt-msp430_18.12.4.LTS\lib\</path>
         <kind>archive</kind>
         <file>rts430x_lc_rd_eabi.lib</file>
         <name>int24.asm.obj</name>
      </input_file>
      <input_file id="fl-d2">
         <path>C:\ti\ccs930\ccs\tools\compiler\ti-cgt-msp430_18.12.4.LTS\lib\</path>
         <kind>archive</kind>
         <file>rts430x_lc_rd_eabi.lib</file>
         <name>int25.asm.obj</name>
      </input_file>
      <input_file id="fl-d3">
         <path>C:\ti\ccs930\ccs\tools\compiler\ti-cgt-msp430_18.12.4.LTS\lib\</path>
         <kind>archive</kind>
         <file>rts430x_lc_rd_eabi.lib</file>
         <name>int26.asm.obj</name>
      </input_file>
      <input_file id="fl-d4">
         <path>C:\ti\ccs930\ccs\tools\compiler\ti-cgt-msp430_18.12.4.LTS\lib\</path>
         <kind>archive</kind>
         <file>rts430x_lc_rd_eabi.lib</file>
         <name>int28.asm.obj</name>
      </input_file>
      <input_file id="fl-d5">
         <path>C:\ti\ccs930\ccs\tools\compiler\ti-cgt-msp430_18.12.4.LTS\lib\</path>
         <kind>archive</kind>
         <file>rts430x_lc_rd_eabi.lib</file>
         <name>int29.asm.obj</name>
      </input_file>
      <input_file id="fl-d6">
         <path>C:\ti\ccs930\ccs\tools\compiler\ti-cgt-msp430_18.12.4.LTS\lib\</path>
         <kind>archive</kind>
         <file>rts430x_lc_rd_eabi.lib</file>
         <name>int30.asm.obj</name>
      </input_file>
      <input_file id="fl-d7">
         <path>C:\ti\ccs930\ccs\tools\compiler\ti-cgt-msp430_18.12.4.LTS\lib\</path>
         <kind>archive</kind>
         <file>rts430x_lc_rd_eabi.lib</file>
         <name>int31.asm.obj</name>
      </input_file>
      <input_file id="fl-d8">
         <path>C:\ti\ccs930\ccs\tools\compiler\ti-cgt-msp430_18.12.4.LTS\lib\</path>
         <kind>archive</kind>
         <file>rts430x_lc_rd_eabi.lib</file>
         <name>int32.asm.obj</name>
      </input_file>
      <input_file id="fl-d9">
         <path>C:\ti\ccs930\ccs\tools\compiler\ti-cgt-msp430_18.12.4.LTS\lib\</path>
         <kind>archive</kind>
         <file>rts430x_lc_rd_eabi.lib</file>
         <name>int33.asm.obj</name>
      </input_file>
      <input_file id="fl-da">
         <path>C:\ti\ccs930\ccs\tools\compiler\ti-cgt-msp430_18.12.4.LTS\lib\</path>
         <kind>archive</kind>
         <file>rts430x_lc_rd_eabi.lib</file>
         <name>int34.asm.obj</name>
      </input_file>
      <input_file id="fl-db">
         <path>C:\ti\ccs930\ccs\tools\compiler\ti-cgt-msp430_18.12.4.LTS\lib\</path>
         <kind>archive</kind>
         <file>rts430x_lc_rd_eabi.lib</file>
         <name>int35.asm.obj</name>
      </input_file>
      <input_file id="fl-dc">
         <path>C:\ti\ccs930\ccs\tools\compiler\ti-cgt-msp430_18.12.4.LTS\lib\</path>
         <kind>archive</kind>
         <file>rts430x_lc_rd_eabi.lib</file>
         <name>int36.asm.obj</name>
      </input_file>
      <input_file id="fl-dd">
         <path>C:\ti\ccs930\ccs\tools\compiler\ti-cgt-msp430_18.12.4.LTS\lib\</path>
         <kind>archive</kind>
         <file>rts430x_lc_rd_eabi.lib</file>
         <name>int39.asm.obj</name>
      </input_file>
      <input_file id="fl-de">
         <path>C:\ti\ccs930\ccs\tools\compiler\ti-cgt-msp430_18.12.4.LTS\lib\</path>
         <kind>archive</kind>
         <file>rts430x_lc_rd_eabi.lib</file>
         <name>int40.asm.obj</name>
      </input_file>
      <input_file id="fl-df">
         <path>C:\ti\ccs930\ccs\tools\compiler\ti-cgt-msp430_18.12.4.LTS\lib\</path>
         <kind>archive</kind>
         <file>rts430x_lc_rd_eabi.lib</file>
         <name>int41.asm.obj</name>
      </input_file>
      <input_file id="fl-e0">
         <path>C:\ti\ccs930\ccs\tools\compiler\ti-cgt-msp430_18.12.4.LTS\lib\</path>
         <kind>archive</kind>
         <file>rts430x_lc_rd_eabi.lib</file>
         <name>int43.asm.obj</name>
      </input_file>
      <input_file id="fl-e1">
         <path>C:\ti\ccs930\ccs\tools\compiler\ti-cgt-msp430_18.12.4.LTS\lib\</path>
         <kind>archive</kind>
         <file>rts430x_lc_rd_eabi.lib</file>
         <name>int44.asm.obj</name>
      </input_file>
      <input_file id="fl-e2">
         <path>C:\ti\ccs930\ccs\tools\compiler\ti-cgt-msp430_18.12.4.LTS\lib\</path>
         <kind>archive</kind>
         <file>rts430x_lc_rd_eabi.lib</file>
         <name>int45.asm.obj</name>
      </input_file>
      <input_file id="fl-e3">
         <path>C:\ti\ccs930\ccs\tools\compiler\ti-cgt-msp430_18.12.4.LTS\lib\</path>
         <kind>archive</kind>
         <file>rts430x_lc_rd_eabi.lib</file>
         <name>int47.asm.obj</name>
      </input_file>
      <input_file id="fl-e4">
         <path>C:\ti\ccs930\ccs\tools\compiler\ti-cgt-msp430_18.12.4.LTS\lib\</path>
         <kind>archive</kind>
         <file>rts430x_lc_rd_eabi.lib</file>
         <name>int48.asm.obj</name>
      </input_file>
      <input_file id="fl-e5">
         <path>C:\ti\ccs930\ccs\tools\compiler\ti-cgt-msp430_18.12.4.LTS\lib\</path>
         <kind>archive</kind>
         <file>rts430x_lc_rd_eabi.lib</file>
         <name>int49.asm.obj</name>
      </input_file>
      <input_file id="fl-e6">
         <path>C:\ti\ccs930\ccs\tools\compiler\ti-cgt-msp430_18.12.4.LTS\lib\</path>
         <kind>archive</kind>
         <file>rts430x_lc_rd_eabi.lib</file>
         <name>int50.asm.obj</name>
      </input_file>
      <input_file id="fl-e7">
         <path>C:\ti\ccs930\ccs\tools\compiler\ti-cgt-msp430_18.12.4.LTS\lib\</path>
         <kind>archive</kind>
         <file>rts430x_lc_rd_eabi.lib</file>
         <name>int51.asm.obj</name>
      </input_file>
      <input_file id="fl-e8">
         <path>C:\ti\ccs930\ccs\tools\compiler\ti-cgt-msp430_18.12.4.LTS\lib\</path>
         <kind>archive</kind>
         <file>rts430x_lc_rd_eabi.lib</file>
         <name>int52.asm.obj</name>
      </input_file>
      <input_file id="fl-e9">
         <path>C:\ti\ccs930\ccs\tools\compiler\ti-cgt-msp430_18.12.4.LTS\lib\</path>
         <kind>archive</kind>
         <file>rts430x_lc_rd_eabi.lib</file>
         <name>int53.asm.obj</name>
      </input_file>
      <input_file id="fl-ea">
         <path>C:\ti\ccs930\ccs\tools\compiler\ti-cgt-msp430_18.12.4.LTS\lib\</path>
         <kind>archive</kind>
         <file>rts430x_lc_rd_eabi.lib</file>
         <name>int54.asm.obj</name>
      </input_file>
      <input_file id="fl-eb">
         <path>C:\ti\ccs930\ccs\tools\compiler\ti-cgt-msp430_18.12.4.LTS\lib\</path>
         <kind>archive</kind>
         <file>rts430x_lc_rd_eabi.lib</file>
         <name>copy_zero_init.c.obj</name>
      </input_file>
      <input_file id="fl-ec">
         <path>C:\ti\ccs930\ccs\tools\compiler\ti-cgt-msp430_18.12.4.LTS\lib\</path>
         <kind>archive</kind>
         <file>rts430x_lc_rd_eabi.lib</file>
         <name>div16s.asm.obj</name>
      </input_file>
      <input_file id="fl-ed">
         <path>C:\ti\ccs930\ccs\tools\compiler\ti-cgt-msp430_18.12.4.LTS\lib\</path>
         <kind>archive</kind>
         <file>rts430x_lc_rd_eabi.lib</file>
         <name>div32s.asm.obj</name>
      </input_file>
      <input_file id="fl-ee">
         <path>C:\ti\ccs930\ccs\tools\compiler\ti-cgt-msp430_18.12.4.LTS\lib\</path>
         <kind>archive</kind>
         <file>rts430x_lc_rd_eabi.lib</file>
         <name>div16u.asm.obj</name>
      </input_file>
      <input_file id="fl-ef">
         <path>C:\ti\ccs930\ccs\tools\compiler\ti-cgt-msp430_18.12.4.LTS\lib\</path>
         <kind>archive</kind>
         <file>rts430x_lc_rd_eabi.lib</file>
         <name>div32u.asm.obj</name>
      </input_file>
      <input_file id="fl-f0">
         <path>C:\ti\ccs930\ccs\tools\compiler\ti-cgt-msp430_18.12.4.LTS\lib\</path>
         <kind>archive</kind>
         <file>rts430x_lc_rd_eabi.lib</file>
         <name>mult16.asm.obj</name>
      </input_file>
      <input_file id="fl-f1">
         <path>C:\ti\ccs930\ccs\tools\compiler\ti-cgt-msp430_18.12.4.LTS\lib\</path>
         <kind>archive</kind>
         <file>rts430x_lc_rd_eabi.lib</file>
         <name>mult16_f5hw.asm.obj</name>
      </input_file>
      <input_file id="fl-f2">
         <path>C:\ti\ccs930\ccs\tools\compiler\ti-cgt-msp430_18.12.4.LTS\lib\</path>
         <kind>archive</kind>
         <file>rts430x_lc_rd_eabi.lib</file>
         <name>mult32.asm.obj</name>
      </input_file>
      <input_file id="fl-f3">
         <path>C:\ti\ccs930\ccs\tools\compiler\ti-cgt-msp430_18.12.4.LTS\lib\</path>
         <kind>archive</kind>
         <file>rts430x_lc_rd_eabi.lib</file>
         <name>mult32_f5hw.asm.obj</name>
      </input_file>
      <input_file id="fl-f4">
         <path>C:\ti\ccs930\ccs\tools\compiler\ti-cgt-msp430_18.12.4.LTS\lib\</path>
         <kind>archive</kind>
         <file>rts430x_lc_rd_eabi.lib</file>
         <name>mult64_f5hw.asm.obj</name>
      </input_file>
      <input_file id="fl-f5">
         <path>C:\ti\ccs930\ccs\tools\compiler\ti-cgt-msp430_18.12.4.LTS\lib\</path>
         <kind>archive</kind>
         <file>rts430x_lc_rd_eabi.lib</file>
         <name>mult1632_f5hw.asm.obj</name>
      </input_file>
      <input_file id="fl-f6">
         <path>C:\ti\ccs930\ccs\tools\compiler\ti-cgt-msp430_18.12.4.LTS\lib\</path>
         <kind>archive</kind>
         <file>rts430x_lc_rd_eabi.lib</file>
         <name>mult3264_f5hw.asm.obj</name>
      </input_file>
      <input_file id="fl-f7">
         <path>C:\ti\ccs930\ccs\tools\compiler\ti-cgt-msp430_18.12.4.LTS\lib\</path>
         <kind>archive</kind>
         <file>rts430x_lc_rd_eabi.lib</file>
         <name>lsl16.asm.obj</name>
      </input_file>
      <input_file id="fl-f8">
         <path>C:\ti\ccs930\ccs\tools\compiler\ti-cgt-msp430_18.12.4.LTS\lib\</path>
         <kind>archive</kind>
         <file>rts430x_lc_rd_eabi.lib</file>
         <name>lsl32.asm.obj</name>
      </input_file>
      <input_file id="fl-f9">
         <path>C:\ti\ccs930\ccs\tools\compiler\ti-cgt-msp430_18.12.4.LTS\lib\</path>
         <kind>archive</kind>
         <file>rts430x_lc_rd_eabi.lib</file>
         <name>asr16.asm.obj</name>
      </input_file>
      <input_file id="fl-fa">
         <path>C:\ti\ccs930\ccs\tools\compiler\ti-cgt-msp430_18.12.4.LTS\lib\</path>
         <kind>archive</kind>
         <file>rts430x_lc_rd_eabi.lib</file>
         <name>lsr32.asm.obj</name>
      </input_file>
      <input_file id="fl-fb">
         <path>C:\ti\ccs930\ccs\tools\compiler\ti-cgt-msp430_18.12.4.LTS\lib\</path>
         <kind>archive</kind>
         <file>rts430x_lc_rd_eabi.lib</file>
         <name>lsr64.c.obj</name>
      </input_file>
      <input_file id="fl-fc">
         <path>C:\ti\ccs930\ccs\tools\compiler\ti-cgt-msp430_18.12.4.LTS\lib\</path>
         <kind>archive</kind>
         <file>rts430x_lc_rd_eabi.lib</file>
         <name>boot.c.obj</name>
      </input_file>
      <input_file id="fl-fd">
         <path>C:\ti\ccs930\ccs\ccs_base\msp430\lib\FR59xx\</path>
         <kind>archive</kind>
         <file>MSPMPU_INIT_LIB_CCS_msp430_large_code_restricted_data.lib</file>
         <name>mpu_init.o</name>
      </input_file>
      <input_file id="fl-fe">
         <path>C:\ti\ccs930\ccs\tools\compiler\ti-cgt-msp430_18.12.4.LTS\lib\</path>
         <kind>archive</kind>
         <file>rts430x_lc_rd_eabi.lib</file>
         <name>args_main.c.obj</name>
      </input_file>
      <input_file id="fl-ff">
         <path>C:\ti\ccs930\ccs\tools\compiler\ti-cgt-msp430_18.12.4.LTS\lib\</path>
         <kind>archive</kind>
         <file>rts430x_lc_rd_eabi.lib</file>
         <name>autoinit.c.obj</name>
      </input_file>
      <input_file id="fl-100">
         <path>C:\ti\ccs930\ccs\tools\compiler\ti-cgt-msp430_18.12.4.LTS\lib\</path>
         <kind>archive</kind>
         <file>rts430x_lc_rd_eabi.lib</file>
         <name>startup.c.obj</name>
      </input_file>
      <input_file id="fl-101">
         <path>C:\ti\ccs930\ccs\tools\compiler\ti-cgt-msp430_18.12.4.LTS\lib\</path>
         <kind>archive</kind>
         <file>rts430x_lc_rd_eabi.lib</file>
         <name>pre_init.c.obj</name>
      </input_file>
      <input_file id="fl-102">
         <path>C:\ti\ccs930\ccs\tools\compiler\ti-cgt-msp430_18.12.4.LTS\lib\</path>
         <kind>archive</kind>
         <file>rts430x_lc_rd_eabi.lib</file>
         <name>cpy_tbl.c.obj</name>
      </input_file>
      <input_file id="fl-103">
         <path>C:\ti\ccs930\ccs\tools\compiler\ti-cgt-msp430_18.12.4.LTS\lib\</path>
         <kind>archive</kind>
         <file>rts430x_lc_rd_eabi.lib</file>
         <name>exit.c.obj</name>
      </input_file>
      <input_file id="fl-104">
         <path>C:\ti\ccs930\ccs\tools\compiler\ti-cgt-msp430_18.12.4.LTS\lib\</path>
         <kind>archive</kind>
         <file>rts430x_lc_rd_eabi.lib</file>
         <name>exit_gvars.c.obj</name>
      </input_file>
      <input_file id="fl-105">
         <path>C:\ti\ccs930\ccs\tools\compiler\ti-cgt-msp430_18.12.4.LTS\lib\</path>
         <kind>archive</kind>
         <file>rts430x_lc_rd_eabi.lib</file>
         <name>_lock.c.obj</name>
      </input_file>
      <input_file id="fl-106">
         <path>C:\ti\ccs930\ccs\tools\compiler\ti-cgt-msp430_18.12.4.LTS\lib\</path>
         <kind>archive</kind>
         <file>rts430x_lc_rd_eabi.lib</file>
         <name>memcpy.c.obj</name>
      </input_file>
      <input_file id="fl-107">
         <path>C:\ti\ccs930\ccs\tools\compiler\ti-cgt-msp430_18.12.4.LTS\lib\</path>
         <kind>archive</kind>
         <file>rts430x_lc_rd_eabi.lib</file>
         <name>sprintf.c.obj</name>
      </input_file>
      <input_file id="fl-108">
         <path>C:\ti\ccs930\ccs\tools\compiler\ti-cgt-msp430_18.12.4.LTS\lib\</path>
         <kind>archive</kind>
         <file>rts430x_lc_rd_eabi.lib</file>
         <name>_printfi.c.obj</name>
      </input_file>
      <input_file id="fl-109">
         <path>C:\ti\ccs930\ccs\tools\compiler\ti-cgt-msp430_18.12.4.LTS\lib\</path>
         <kind>archive</kind>
         <file>rts430x_lc_rd_eabi.lib</file>
         <name>cmpd.c.obj</name>
      </input_file>
      <input_file id="fl-10a">
         <path>C:\ti\ccs930\ccs\tools\compiler\ti-cgt-msp430_18.12.4.LTS\lib\</path>
         <kind>archive</kind>
         <file>rts430x_lc_rd_eabi.lib</file>
         <name>divd.c.obj</name>
      </input_file>
      <input_file id="fl-10b">
         <path>C:\ti\ccs930\ccs\tools\compiler\ti-cgt-msp430_18.12.4.LTS\lib\</path>
         <kind>archive</kind>
         <file>rts430x_lc_rd_eabi.lib</file>
         <name>frcdivd.c.obj</name>
      </input_file>
      <input_file id="fl-10c">
         <path>C:\ti\ccs930\ccs\tools\compiler\ti-cgt-msp430_18.12.4.LTS\lib\</path>
         <kind>archive</kind>
         <file>rts430x_lc_rd_eabi.lib</file>
         <name>div64u.c.obj</name>
      </input_file>
      <input_file id="fl-10d">
         <path>C:\ti\ccs930\ccs\tools\compiler\ti-cgt-msp430_18.12.4.LTS\lib\</path>
         <kind>archive</kind>
         <file>rts430x_lc_rd_eabi.lib</file>
         <name>fixdi.c.obj</name>
      </input_file>
      <input_file id="fl-10e">
         <path>C:\ti\ccs930\ccs\tools\compiler\ti-cgt-msp430_18.12.4.LTS\lib\</path>
         <kind>archive</kind>
         <file>rts430x_lc_rd_eabi.lib</file>
         <name>fixdli.c.obj</name>
      </input_file>
      <input_file id="fl-10f">
         <path>C:\ti\ccs930\ccs\tools\compiler\ti-cgt-msp430_18.12.4.LTS\lib\</path>
         <kind>archive</kind>
         <file>rts430x_lc_rd_eabi.lib</file>
         <name>fltid.c.obj</name>
      </input_file>
      <input_file id="fl-110">
         <path>C:\ti\ccs930\ccs\tools\compiler\ti-cgt-msp430_18.12.4.LTS\lib\</path>
         <kind>archive</kind>
         <file>rts430x_lc_rd_eabi.lib</file>
         <name>fltlid.c.obj</name>
      </input_file>
      <input_file id="fl-111">
         <path>C:\ti\ccs930\ccs\tools\compiler\ti-cgt-msp430_18.12.4.LTS\lib\</path>
         <kind>archive</kind>
         <file>rts430x_lc_rd_eabi.lib</file>
         <name>mpyd.c.obj</name>
      </input_file>
      <input_file id="fl-112">
         <path>C:\ti\ccs930\ccs\tools\compiler\ti-cgt-msp430_18.12.4.LTS\lib\</path>
         <kind>archive</kind>
         <file>rts430x_lc_rd_eabi.lib</file>
         <name>frcmpyd.c.obj</name>
      </input_file>
      <input_file id="fl-113">
         <path>C:\ti\ccs930\ccs\tools\compiler\ti-cgt-msp430_18.12.4.LTS\lib\</path>
         <kind>archive</kind>
         <file>rts430x_lc_rd_eabi.lib</file>
         <name>negd.c.obj</name>
      </input_file>
      <input_file id="fl-114">
         <path>C:\ti\ccs930\ccs\tools\compiler\ti-cgt-msp430_18.12.4.LTS\lib\</path>
         <kind>archive</kind>
         <file>rts430x_lc_rd_eabi.lib</file>
         <name>lsl64.c.obj</name>
      </input_file>
      <input_file id="fl-115">
         <path>C:\ti\ccs930\ccs\tools\compiler\ti-cgt-msp430_18.12.4.LTS\lib\</path>
         <kind>archive</kind>
         <file>rts430x_lc_rd_eabi.lib</file>
         <name>asr32.asm.obj</name>
      </input_file>
      <input_file id="fl-116">
         <path>C:\ti\ccs930\ccs\tools\compiler\ti-cgt-msp430_18.12.4.LTS\lib\</path>
         <kind>archive</kind>
         <file>rts430x_lc_rd_eabi.lib</file>
         <name>subd.c.obj</name>
      </input_file>
      <input_file id="fl-117">
         <path>C:\ti\ccs930\ccs\tools\compiler\ti-cgt-msp430_18.12.4.LTS\lib\</path>
         <kind>archive</kind>
         <file>rts430x_lc_rd_eabi.lib</file>
         <name>addd.c.obj</name>
      </input_file>
      <input_file id="fl-118">
         <path>C:\ti\ccs930\ccs\tools\compiler\ti-cgt-msp430_18.12.4.LTS\lib\</path>
         <kind>archive</kind>
         <file>rts430x_lc_rd_eabi.lib</file>
         <name>frcaddd.c.obj</name>
      </input_file>
      <input_file id="fl-119">
         <path>C:\ti\ccs930\ccs\tools\compiler\ti-cgt-msp430_18.12.4.LTS\lib\</path>
         <kind>archive</kind>
         <file>rts430x_lc_rd_eabi.lib</file>
         <name>renormd.c.obj</name>
      </input_file>
      <input_file id="fl-11a">
         <path>C:\ti\ccs930\ccs\tools\compiler\ti-cgt-msp430_18.12.4.LTS\lib\</path>
         <kind>archive</kind>
         <file>rts430x_lc_rd_eabi.lib</file>
         <name>abs.c.obj</name>
      </input_file>
      <input_file id="fl-11b">
         <path>C:\ti\ccs930\ccs\tools\compiler\ti-cgt-msp430_18.12.4.LTS\lib\</path>
         <kind>archive</kind>
         <file>rts430x_lc_rd_eabi.lib</file>
         <name>atoi.c.obj</name>
      </input_file>
      <input_file id="fl-11c">
         <path>C:\ti\ccs930\ccs\tools\compiler\ti-cgt-msp430_18.12.4.LTS\lib\</path>
         <kind>archive</kind>
         <file>rts430x_lc_rd_eabi.lib</file>
         <name>ctype.c.obj</name>
      </input_file>
      <input_file id="fl-11d">
         <path>C:\ti\ccs930\ccs\tools\compiler\ti-cgt-msp430_18.12.4.LTS\lib\</path>
         <kind>archive</kind>
         <file>rts430x_lc_rd_eabi.lib</file>
         <name>errno.c.obj</name>
      </input_file>
      <input_file id="fl-11e">
         <path>C:\ti\ccs930\ccs\tools\compiler\ti-cgt-msp430_18.12.4.LTS\lib\</path>
         <kind>archive</kind>
         <file>rts430x_lc_rd_eabi.lib</file>
         <name>s_frexp.c.obj</name>
      </input_file>
      <input_file id="fl-11f">
         <path>C:\ti\ccs930\ccs\tools\compiler\ti-cgt-msp430_18.12.4.LTS\lib\</path>
         <kind>archive</kind>
         <file>rts430x_lc_rd_eabi.lib</file>
         <name>s_scalbn.c.obj</name>
      </input_file>
      <input_file id="fl-120">
         <path>C:\ti\ccs930\ccs\tools\compiler\ti-cgt-msp430_18.12.4.LTS\lib\</path>
         <kind>archive</kind>
         <file>rts430x_lc_rd_eabi.lib</file>
         <name>s_copysign.c.obj</name>
      </input_file>
      <input_file id="fl-121">
         <path>C:\ti\ccs930\ccs\tools\compiler\ti-cgt-msp430_18.12.4.LTS\lib\</path>
         <kind>archive</kind>
         <file>rts430x_lc_rd_eabi.lib</file>
         <name>ltoa.c.obj</name>
      </input_file>
      <input_file id="fl-122">
         <path>C:\ti\ccs930\ccs\tools\compiler\ti-cgt-msp430_18.12.4.LTS\lib\</path>
         <kind>archive</kind>
         <file>rts430x_lc_rd_eabi.lib</file>
         <name>memccpy.c.obj</name>
      </input_file>
      <input_file id="fl-123">
         <path>C:\ti\ccs930\ccs\tools\compiler\ti-cgt-msp430_18.12.4.LTS\lib\</path>
         <kind>archive</kind>
         <file>rts430x_lc_rd_eabi.lib</file>
         <name>memset.c.obj</name>
      </input_file>
      <input_file id="fl-124">
         <path>C:\ti\ccs930\ccs\tools\compiler\ti-cgt-msp430_18.12.4.LTS\lib\</path>
         <kind>archive</kind>
         <file>rts430x_lc_rd_eabi.lib</file>
         <name>strchr.c.obj</name>
      </input_file>
      <input_file id="fl-125">
         <path>C:\ti\ccs930\ccs\tools\compiler\ti-cgt-msp430_18.12.4.LTS\lib\</path>
         <kind>archive</kind>
         <file>rts430x_lc_rd_eabi.lib</file>
         <name>strlen.c.obj</name>
      </input_file>
      <input_file id="fl-126">
         <path>C:\ti\ccs930\ccs\tools\compiler\ti-cgt-msp430_18.12.4.LTS\lib\</path>
         <kind>archive</kind>
         <file>rts430x_lc_rd_eabi.lib</file>
         <name>toupper.c.obj</name>
      </input_file>
      <input_file id="fl-127">
         <path>C:\ti\ccs930\ccs\tools\compiler\ti-cgt-msp430_18.12.4.LTS\lib\</path>
         <kind>archive</kind>
         <file>rts430x_lc_rd_eabi.lib</file>
         <name>wcslen.c.obj</name>
      </input_file>
   </input_file_list>
   <object_component_list>
      <object_component id="oc-8de">
         <name>.TI.persistent:DisplayBuffer</name>
         <load_address>0x4000</load_address>
         <run_address>0x4000</run_address>
         <size>0x600</size>
         <input_file_ref idref="fl-93"/>
      </object_component>
      <object_component id="oc-a7f">
         <name>.TI.persistent:FBuff</name>
         <load_address>0x4600</load_address>
         <run_address>0x4600</run_address>
         <size>0x400</size>
         <input_file_ref idref="fl-6d"/>
      </object_component>
      <object_component id="oc-b56">
         <name>.TI.persistent:dacBuffer0</name>
         <load_address>0x4a00</load_address>
         <run_address>0x4a00</run_address>
         <size>0x400</size>
         <input_file_ref idref="fl-6f"/>
      </object_component>
      <object_component id="oc-b59">
         <name>.TI.persistent:dacBuffer1</name>
         <load_address>0x4e00</load_address>
         <run_address>0x4e00</run_address>
         <size>0x400</size>
         <input_file_ref idref="fl-6f"/>
      </object_component>
      <object_component id="oc-a61">
         <name>.TI.persistent:voice_data</name>
         <load_address>0x5200</load_address>
         <run_address>0x5200</run_address>
         <size>0x400</size>
         <input_file_ref idref="fl-6d"/>
      </object_component>
      <object_component id="oc-a89">
         <name>.TI.persistent:FFT_data</name>
         <load_address>0x5600</load_address>
         <run_address>0x5600</run_address>
         <size>0x200</size>
         <input_file_ref idref="fl-6d"/>
      </object_component>
      <object_component id="oc-814">
         <name>.TI.persistent:g_sContext</name>
         <load_address>0x5800</load_address>
         <run_address>0x5800</run_address>
         <size>0x1c</size>
         <input_file_ref idref="fl-2"/>
      </object_component>
      <object_component id="oc-737">
         <name>.TI.persistent</name>
         <load_address>0x581c</load_address>
         <run_address>0x581c</run_address>
         <size>0x5</size>
         <input_file_ref idref="fl-6f"/>
      </object_component>
      <object_component id="oc-f2b">
         <name>__TI_handler_table</name>
         <load_address>0x706c</load_address>
         <run_address>0x706c</run_address>
         <size>0xc</size>
      </object_component>
      <object_component id="oc-f2e">
         <name>.cinit..data.load</name>
         <load_address>0x7078</load_address>
         <run_address>0x7078</run_address>
         <size>0x8</size>
      </object_component>
      <object_component id="oc-f2d">
         <name>.cinit..bss.load</name>
         <load_address>0x7080</load_address>
         <run_address>0x7080</run_address>
         <size>0x6</size>
      </object_component>
      <object_component id="oc-f2f">
         <name>.cinit..leaRAM.load</name>
         <load_address>0x7086</load_address>
         <run_address>0x7086</run_address>
         <size>0x6</size>
      </object_component>
      <object_component id="oc-f2c">
         <name>__TI_cinit_table</name>
         <load_address>0x708c</load_address>
         <run_address>0x708c</run_address>
         <size>0x18</size>
      </object_component>
      <object_component id="oc-eba">
         <name>.binit</name>
         <load_address>0x4000</load_address>
         <run_address>0x4000</run_address>
         <size>0x0</size>
      </object_component>
      <object_component id="oc-6d4">
         <name>.text:_isr:dmaIsrHandler</name>
         <load_address>0x5c00</load_address>
         <run_address>0x5c00</run_address>
         <size>0x7c</size>
         <input_file_ref idref="fl-6f"/>
      </object_component>
      <object_component id="oc-6c2">
         <name>.text:_isr:port5IsrHandler</name>
         <load_address>0x5c7c</load_address>
         <run_address>0x5c7c</run_address>
         <size>0x5e</size>
         <input_file_ref idref="fl-6f"/>
      </object_component>
      <object_component id="oc-6ce">
         <name>.text:_isr:timer2A0Isr</name>
         <load_address>0x5cda</load_address>
         <run_address>0x5cda</run_address>
         <size>0x3a</size>
         <input_file_ref idref="fl-71"/>
      </object_component>
      <object_component id="oc-70a">
         <name>.text:_isr:_c_int00_noargs_mpu</name>
         <load_address>0x5d14</load_address>
         <run_address>0x5d14</run_address>
         <size>0x20</size>
         <input_file_ref idref="fl-fc"/>
      </object_component>
      <object_component id="oc-6b7">
         <name>.text:_isr:msp_lea_isr</name>
         <load_address>0x5d34</load_address>
         <run_address>0x5d34</run_address>
         <size>0x1c</size>
         <input_file_ref idref="fl-f"/>
      </object_component>
      <object_component id="oc-6c8">
         <name>.text:_isr:TIMER2_A1_ISR</name>
         <load_address>0x5d50</load_address>
         <run_address>0x5d50</run_address>
         <size>0x12</size>
         <input_file_ref idref="fl-72"/>
      </object_component>
      <object_component id="oc-6da">
         <name>.text:_isr:ADC12_ISR</name>
         <load_address>0x5d62</load_address>
         <run_address>0x5d62</run_address>
         <size>0xa</size>
         <input_file_ref idref="fl-6f"/>
      </object_component>
      <object_component id="oc-6bd">
         <name>.text:_isr:__TI_ISR_TRAP</name>
         <load_address>0x5d6c</load_address>
         <run_address>0x5d6c</run_address>
         <size>0x8</size>
         <input_file_ref idref="fl-cc"/>
      </object_component>
      <object_component id="oc-91e">
         <name>.const:.string:g_pucFontFixed6x8Data</name>
         <load_address>0x5d74</load_address>
         <run_address>0x5d74</run_address>
         <size>0x2f8</size>
         <input_file_ref idref="fl-9f"/>
      </object_component>
      <object_component id="oc-a7b">
         <name>.const:bit_rev_index</name>
         <load_address>0x606c</load_address>
         <run_address>0x606c</run_address>
         <size>0x200</size>
         <input_file_ref idref="fl-6d"/>
      </object_component>
      <object_component id="oc-d1c">
         <name>.const:.string:_ctypes_</name>
         <load_address>0x626c</load_address>
         <run_address>0x626c</run_address>
         <size>0x101</size>
         <input_file_ref idref="fl-11c"/>
      </object_component>
      <object_component id="oc-9ef">
         <name>.const:firCoeffsBandStop1kHz</name>
         <load_address>0x636e</load_address>
         <run_address>0x636e</run_address>
         <size>0xf0</size>
         <input_file_ref idref="fl-74"/>
      </object_component>
      <object_component id="oc-9e6">
         <name>.const:firCoeffsBandStop4kHz</name>
         <load_address>0x645e</load_address>
         <run_address>0x645e</run_address>
         <size>0xf0</size>
         <input_file_ref idref="fl-74"/>
      </object_component>
      <object_component id="oc-9fb">
         <name>.const:firCoeffsHighPass1kHz</name>
         <load_address>0x654e</load_address>
         <run_address>0x654e</run_address>
         <size>0xf0</size>
         <input_file_ref idref="fl-74"/>
      </object_component>
      <object_component id="oc-9f8">
         <name>.const:firCoeffsHighPass2kHz</name>
         <load_address>0x663e</load_address>
         <run_address>0x663e</run_address>
         <size>0xf0</size>
         <input_file_ref idref="fl-74"/>
      </object_component>
      <object_component id="oc-9f5">
         <name>.const:firCoeffsHighPass3kHz</name>
         <load_address>0x672e</load_address>
         <run_address>0x672e</run_address>
         <size>0xf0</size>
         <input_file_ref idref="fl-74"/>
      </object_component>
      <object_component id="oc-9f2">
         <name>.const:firCoeffsHighPass4kHz</name>
         <load_address>0x681e</load_address>
         <run_address>0x681e</run_address>
         <size>0xf0</size>
         <input_file_ref idref="fl-74"/>
      </object_component>
      <object_component id="oc-a0a">
         <name>.const:firCoeffsLowPass1kHz</name>
         <load_address>0x690e</load_address>
         <run_address>0x690e</run_address>
         <size>0xf0</size>
         <input_file_ref idref="fl-74"/>
      </object_component>
      <object_component id="oc-a07">
         <name>.const:firCoeffsLowPass2kHz</name>
         <load_address>0x69fe</load_address>
         <run_address>0x69fe</run_address>
         <size>0xf0</size>
         <input_file_ref idref="fl-74"/>
      </object_component>
      <object_component id="oc-a04">
         <name>.const:firCoeffsLowPass3kHz</name>
         <load_address>0x6aee</load_address>
         <run_address>0x6aee</run_address>
         <size>0xf0</size>
         <input_file_ref idref="fl-74"/>
      </object_component>
      <object_component id="oc-a01">
         <name>.const:firCoeffsLowPass4kHz</name>
         <load_address>0x6bde</load_address>
         <run_address>0x6bde</run_address>
         <size>0xf0</size>
         <input_file_ref idref="fl-74"/>
      </object_component>
      <object_component id="oc-9fe">
         <name>.const:firCoeffsLowPass5kHz</name>
         <load_address>0x6cce</load_address>
         <run_address>0x6cce</run_address>
         <size>0xf0</size>
         <input_file_ref idref="fl-74"/>
      </object_component>
      <object_component id="oc-9df">
         <name>.const:.string</name>
         <load_address>0x6dbe</load_address>
         <run_address>0x6dbe</run_address>
         <size>0xd4</size>
         <input_file_ref idref="fl-74"/>
      </object_component>
      <object_component id="oc-82c">
         <name>.const:g_sFontFixed6x8</name>
         <load_address>0x6e92</load_address>
         <run_address>0x6e92</run_address>
         <size>0xc8</size>
         <input_file_ref idref="fl-9f"/>
      </object_component>
      <object_component id="oc-817">
         <name>.const:g_sharp96x96LCD</name>
         <load_address>0x6f5a</load_address>
         <run_address>0x6f5a</run_address>
         <size>0x2c</size>
         <input_file_ref idref="fl-93"/>
      </object_component>
      <object_component id="oc-a51">
         <name>.const:.string</name>
         <load_address>0x6f86</load_address>
         <run_address>0x6f86</run_address>
         <size>0x28</size>
         <input_file_ref idref="fl-6d"/>
      </object_component>
      <object_component id="oc-ce3">
         <name>.const:.string</name>
         <load_address>0x6fae</load_address>
         <run_address>0x6fae</run_address>
         <size>0x26</size>
         <input_file_ref idref="fl-108"/>
      </object_component>
      <object_component id="oc-7c2">
         <name>.const:GPIO_PORT_TO_BASE</name>
         <load_address>0x6fd4</load_address>
         <run_address>0x6fd4</run_address>
         <size>0x1c</size>
         <input_file_ref idref="fl-83"/>
      </object_component>
      <object_component id="oc-8c7">
         <name>.const:$P$T0$1</name>
         <load_address>0x6ff0</load_address>
         <run_address>0x6ff0</run_address>
         <size>0x12</size>
         <input_file_ref idref="fl-92"/>
      </object_component>
      <object_component id="oc-cc3">
         <name>.const:$P$T0$1</name>
         <load_address>0x7002</load_address>
         <run_address>0x7002</run_address>
         <size>0x12</size>
         <input_file_ref idref="fl-73"/>
      </object_component>
      <object_component id="oc-c48">
         <name>.const:$P$T0$1</name>
         <load_address>0x7014</load_address>
         <run_address>0x7014</run_address>
         <size>0x10</size>
         <input_file_ref idref="fl-71"/>
      </object_component>
      <object_component id="oc-af9">
         <name>.const:.string:reverse_data</name>
         <load_address>0x7024</load_address>
         <run_address>0x7024</run_address>
         <size>0x10</size>
         <input_file_ref idref="fl-93"/>
      </object_component>
      <object_component id="oc-c22">
         <name>.const:$P$T0$1</name>
         <load_address>0x7034</load_address>
         <run_address>0x7034</run_address>
         <size>0xe</size>
         <input_file_ref idref="fl-70"/>
      </object_component>
      <object_component id="oc-c57">
         <name>.const:$P$T1$2</name>
         <load_address>0x7042</load_address>
         <run_address>0x7042</run_address>
         <size>0xe</size>
         <input_file_ref idref="fl-71"/>
      </object_component>
      <object_component id="oc-c25">
         <name>.const:$P$T1$2</name>
         <load_address>0x7050</load_address>
         <run_address>0x7050</run_address>
         <size>0x8</size>
         <input_file_ref idref="fl-70"/>
      </object_component>
      <object_component id="oc-a95">
         <name>.const:clearSpace</name>
         <load_address>0x7058</load_address>
         <run_address>0x7058</run_address>
         <size>0x8</size>
         <input_file_ref idref="fl-6d"/>
      </object_component>
      <object_component id="oc-a9e">
         <name>.const:clearSpaceCycleText</name>
         <load_address>0x7060</load_address>
         <run_address>0x7060</run_address>
         <size>0x8</size>
         <input_file_ref idref="fl-6d"/>
      </object_component>
      <object_component id="oc-a25">
         <name>.const</name>
         <load_address>0x7068</load_address>
         <run_address>0x7068</run_address>
         <size>0x4</size>
         <input_file_ref idref="fl-74"/>
      </object_component>
      <object_component id="oc-a52">
         <name>.text:Graphics_drawString</name>
         <load_address>0x10000</load_address>
         <run_address>0x10000</run_address>
         <size>0x810</size>
         <input_file_ref idref="fl-9e"/>
      </object_component>
      <object_component id="oc-e23">
         <name>.text:__TI_frcdivd</name>
         <load_address>0x10810</load_address>
         <run_address>0x10810</run_address>
         <size>0x466</size>
         <input_file_ref idref="fl-10b"/>
      </object_component>
      <object_component id="oc-a70">
         <name>.text</name>
         <load_address>0x10c76</load_address>
         <run_address>0x10c76</run_address>
         <size>0x392</size>
         <input_file_ref idref="fl-6e"/>
      </object_component>
      <object_component id="oc-933">
         <name>.text:runFirFilter</name>
         <load_address>0x11008</load_address>
         <run_address>0x11008</run_address>
         <size>0x372</size>
         <input_file_ref idref="fl-74"/>
      </object_component>
      <object_component id="oc-d77">
         <name>.text:__mspabi_divull</name>
         <load_address>0x1137a</load_address>
         <run_address>0x1137a</run_address>
         <size>0x34e</size>
         <input_file_ref idref="fl-10c"/>
      </object_component>
      <object_component id="oc-e58">
         <name>.text:__mspabi_addd</name>
         <load_address>0x116c8</load_address>
         <run_address>0x116c8</run_address>
         <size>0x2e0</size>
         <input_file_ref idref="fl-117"/>
      </object_component>
      <object_component id="oc-939">
         <name>.text:runFftWithoutLea</name>
         <load_address>0x119a8</load_address>
         <run_address>0x119a8</run_address>
         <size>0x2de</size>
         <input_file_ref idref="fl-6d"/>
      </object_component>
      <object_component id="oc-bdf">
         <name>.text:__TI_printfi</name>
         <load_address>0x11c86</load_address>
         <run_address>0x11c86</run_address>
         <size>0x2a6</size>
         <input_file_ref idref="fl-108"/>
      </object_component>
      <object_component id="oc-93f">
         <name>.text:runFftWithLea</name>
         <load_address>0x11f2c</load_address>
         <run_address>0x11f2c</run_address>
         <size>0x29e</size>
         <input_file_ref idref="fl-6d"/>
      </object_component>
      <object_component id="oc-e1b">
         <name>.text:__TI_frcmpyd</name>
         <load_address>0x121ca</load_address>
         <run_address>0x121ca</run_address>
         <size>0x280</size>
         <input_file_ref idref="fl-112"/>
      </object_component>
      <object_component id="oc-c90">
         <name>.text:_setfield</name>
         <load_address>0x1244a</load_address>
         <run_address>0x1244a</run_address>
         <size>0x27a</size>
         <input_file_ref idref="fl-108"/>
      </object_component>
      <object_component id="oc-cea">
         <name>.text:_pproc_fgea</name>
         <load_address>0x126c4</load_address>
         <run_address>0x126c4</run_address>
         <size>0x268</size>
         <input_file_ref idref="fl-108"/>
      </object_component>
      <object_component id="oc-db1">
         <name>.text:__mspabi_mpyd</name>
         <load_address>0x1292c</load_address>
         <run_address>0x1292c</run_address>
         <size>0x266</size>
         <input_file_ref idref="fl-111"/>
      </object_component>
      <object_component id="oc-e8b">
         <name>.text:__TI_frcaddd</name>
         <load_address>0x12b92</load_address>
         <run_address>0x12b92</run_address>
         <size>0x248</size>
         <input_file_ref idref="fl-118"/>
      </object_component>
      <object_component id="oc-dc4">
         <name>.text:acvt</name>
         <load_address>0x12dda</load_address>
         <run_address>0x12dda</run_address>
         <size>0x224</size>
         <input_file_ref idref="fl-108"/>
      </object_component>
      <object_component id="oc-db7">
         <name>.text:__mspabi_divd</name>
         <load_address>0x12ffe</load_address>
         <run_address>0x12ffe</run_address>
         <size>0x222</size>
         <input_file_ref idref="fl-10a"/>
      </object_component>
      <object_component id="oc-d23">
         <name>.text:_getarg_diouxp</name>
         <load_address>0x13220</load_address>
         <run_address>0x13220</run_address>
         <size>0x20c</size>
         <input_file_ref idref="fl-108"/>
      </object_component>
      <object_component id="oc-a2e">
         <name>.text:msp_fir_q15</name>
         <load_address>0x1342c</load_address>
         <run_address>0x1342c</run_address>
         <size>0x1fa</size>
         <input_file_ref idref="fl-c"/>
      </object_component>
      <object_component id="oc-d91">
         <name>.text:ecvt</name>
         <load_address>0x13626</load_address>
         <run_address>0x13626</run_address>
         <size>0x1e6</size>
         <input_file_ref idref="fl-108"/>
      </object_component>
      <object_component id="oc-da4">
         <name>.text:fcvt</name>
         <load_address>0x1380c</load_address>
         <run_address>0x1380c</run_address>
         <size>0x1c8</size>
         <input_file_ref idref="fl-108"/>
      </object_component>
      <object_component id="oc-d4d">
         <name>.text:_pconv_e</name>
         <load_address>0x139d4</load_address>
         <run_address>0x139d4</run_address>
         <size>0x1a2</size>
         <input_file_ref idref="fl-108"/>
      </object_component>
      <object_component id="oc-d53">
         <name>.text:_pconv_a</name>
         <load_address>0x13b76</load_address>
         <run_address>0x13b76</run_address>
         <size>0x170</size>
         <input_file_ref idref="fl-108"/>
      </object_component>
      <object_component id="oc-e32">
         <name>.text:scalbn</name>
         <load_address>0x13ce6</load_address>
         <run_address>0x13ce6</run_address>
         <size>0x15a</size>
         <input_file_ref idref="fl-11f"/>
      </object_component>
      <object_component id="oc-ab0">
         <name>.text:msp_cmplx_fft_fixed_q15</name>
         <load_address>0x13e40</load_address>
         <run_address>0x13e40</run_address>
         <size>0x14a</size>
         <input_file_ref idref="fl-26"/>
      </object_component>
      <object_component id="oc-ce4">
         <name>.text:_pproc_diouxp</name>
         <load_address>0x13f8a</load_address>
         <run_address>0x13f8a</run_address>
         <size>0x148</size>
         <input_file_ref idref="fl-108"/>
      </object_component>
      <object_component id="oc-bfb">
         <name>.text:msp_cmplx_bitrev_q15</name>
         <load_address>0x140d2</load_address>
         <run_address>0x140d2</run_address>
         <size>0x136</size>
         <input_file_ref idref="fl-24"/>
      </object_component>
      <object_component id="oc-d29">
         <name>.text:_ltostr</name>
         <load_address>0x14208</load_address>
         <run_address>0x14208</run_address>
         <size>0x128</size>
         <input_file_ref idref="fl-108"/>
      </object_component>
      <object_component id="oc-b50">
         <name>.text:Audio_setupCollect</name>
         <load_address>0x14330</load_address>
[...]
         <name>__TI_int39</name>
         <value>0xffde</value>
         <object_component_ref idref="oc-a5"/>
      </symbol>
      <symbol id="sm-e2b">
         <name>__TI_int40</name>
         <value>0xffe0</value>
         <object_component_ref idref="oc-a6"/>
      </symbol>
      <symbol id="sm-e2e">
         <name>__TI_int41</name>
         <value>0xffe2</value>
         <object_component_ref idref="oc-a7"/>
      </symbol>
      <symbol id="sm-e31">
         <name>__TI_int43</name>
         <value>0xffe6</value>
         <object_component_ref idref="oc-a9"/>
      </symbol>
      <symbol id="sm-e34">
         <name>__TI_int44</name>
         <value>0xffe8</value>
         <object_component_ref idref="oc-aa"/>
      </symbol>
      <symbol id="sm-e37">
         <name>__TI_int45</name>
         <value>0xffea</value>
         <object_component_ref idref="oc-ab"/>
      </symbol>
      <symbol id="sm-e3a">
         <name>__TI_int47</name>
         <value>0xffee</value>
         <object_component_ref idref="oc-ad"/>
      </symbol>
      <symbol id="sm-e3d">
         <name>__TI_int48</name>
         <value>0xfff0</value>
         <object_component_ref idref="oc-ae"/>
      </symbol>
      <symbol id="sm-e40">
         <name>__TI_int49</name>
         <value>0xfff2</value>
         <object_component_ref idref="oc-af"/>
      </symbol>
      <symbol id="sm-e43">
         <name>__TI_int50</name>
         <value>0xfff4</value>
         <object_component_ref idref="oc-b0"/>
      </symbol>
      <symbol id="sm-e46">
         <name>__TI_int51</name>
         <value>0xfff6</value>
         <object_component_ref idref="oc-b1"/>
      </symbol>
      <symbol id="sm-e49">
         <name>__TI_int52</name>
         <value>0xfff8</value>
         <object_component_ref idref="oc-b2"/>
      </symbol>
      <symbol id="sm-e4c">
         <name>__TI_int53</name>
         <value>0xfffa</value>
         <object_component_ref idref="oc-b3"/>
      </symbol>
      <symbol id="sm-e4f">
         <name>__TI_int54</name>
         <value>0xfffc</value>
         <object_component_ref idref="oc-b4"/>
      </symbol>
      <symbol id="sm-e62">
         <name>__TI_zero_init</name>
         <value>0x163f8</value>
         <object_component_ref idref="oc-6e6"/>
      </symbol>
      <symbol id="sm-e6f">
         <name>__mspabi_remli</name>
         <value>0x15f60</value>
         <object_component_ref idref="oc-b0d"/>
      </symbol>
      <symbol id="sm-e70">
         <name>__mspabi_divli</name>
         <value>0x15f60</value>
         <object_component_ref idref="oc-b0d"/>
      </symbol>
      <symbol id="sm-e7a">
         <name>__mspabi_remu</name>
         <value>0x166a6</value>
         <object_component_ref idref="oc-d7d"/>
      </symbol>
      <symbol id="sm-e7b">
         <name>__mspabi_divu</name>
         <value>0x166a6</value>
         <object_component_ref idref="oc-d7d"/>
      </symbol>
      <symbol id="sm-e89">
         <name>__mspabi_remul</name>
         <value>0x15ba0</value>
         <object_component_ref idref="oc-985"/>
      </symbol>
      <symbol id="sm-e8a">
         <name>__mspabi_divul</name>
         <value>0x15ba0</value>
         <object_component_ref idref="oc-985"/>
      </symbol>
      <symbol id="sm-e93">
         <name>__mspabi_mpyi_f5hw</name>
         <value>0x16662</value>
         <object_component_ref idref="oc-995"/>
      </symbol>
      <symbol id="sm-e9c">
         <name>__mspabi_mpyl_f5hw</name>
         <value>0x1641c</value>
         <object_component_ref idref="oc-e66"/>
      </symbol>
      <symbol id="sm-ea8">
         <name>__mspabi_slli</name>
         <value>0x168d8</value>
         <object_component_ref idref="oc-9a7"/>
      </symbol>
      <symbol id="sm-eb8">
         <name>__mspabi_slll_9</name>
         <value>0x15ff6</value>
         <object_component_ref idref="oc-e49"/>
      </symbol>
      <symbol id="sm-eb9">
         <name>__mspabi_slll_8</name>
         <value>0x15ffa</value>
         <object_component_ref idref="oc-e49"/>
      </symbol>
      <symbol id="sm-eba">
         <name>__mspabi_slll_7</name>
         <value>0x15ffe</value>
         <object_component_ref idref="oc-e49"/>
      </symbol>
      <symbol id="sm-ebb">
         <name>__mspabi_slll_6</name>
         <value>0x16002</value>
         <object_component_ref idref="oc-e49"/>
      </symbol>
      <symbol id="sm-ebc">
         <name>__mspabi_slll_5</name>
         <value>0x16006</value>
         <object_component_ref idref="oc-e49"/>
      </symbol>
      <symbol id="sm-ebd">
         <name>__mspabi_slll_4</name>
         <value>0x1600a</value>
         <object_component_ref idref="oc-e49"/>
      </symbol>
      <symbol id="sm-ebe">
         <name>__mspabi_slll_3</name>
         <value>0x1600e</value>
         <object_component_ref idref="oc-e49"/>
      </symbol>
      <symbol id="sm-ebf">
         <name>__mspabi_slll_2</name>
         <value>0x16012</value>
         <object_component_ref idref="oc-e49"/>
      </symbol>
      <symbol id="sm-ec0">
         <name>__mspabi_slll_1</name>
         <value>0x16016</value>
         <object_component_ref idref="oc-e49"/>
      </symbol>
      <symbol id="sm-ec1">
         <name>__mspabi_slll</name>
         <value>0x16788</value>
         <object_component_ref idref="oc-e9e"/>
      </symbol>
      <symbol id="sm-ec2">
         <name>__mspabi_slll_15</name>
         <value>0x15fde</value>
         <object_component_ref idref="oc-e49"/>
      </symbol>
      <symbol id="sm-ec3">
         <name>__mspabi_slll_14</name>
         <value>0x15fe2</value>
         <object_component_ref idref="oc-e49"/>
      </symbol>
      <symbol id="sm-ec4">
         <name>__mspabi_slll_13</name>
         <value>0x15fe6</value>
         <object_component_ref idref="oc-e49"/>
      </symbol>
      <symbol id="sm-ec5">
         <name>__mspabi_slll_12</name>
         <value>0x15fea</value>
         <object_component_ref idref="oc-e49"/>
      </symbol>
      <symbol id="sm-ec6">
         <name>__mspabi_slll_11</name>
         <value>0x15fee</value>
         <object_component_ref idref="oc-e49"/>
      </symbol>
      <symbol id="sm-ec7">
         <name>__mspabi_slll_10</name>
         <value>0x15ff2</value>
         <object_component_ref idref="oc-e49"/>
      </symbol>
      <symbol id="sm-ed0">
         <name>__mspabi_srai</name>
         <value>0x168ce</value>
         <object_component_ref idref="oc-99a"/>
      </symbol>
      <symbol id="sm-ee0">
         <name>__mspabi_srll_8</name>
         <value>0x16038</value>
         <object_component_ref idref="oc-e51"/>
      </symbol>
      <symbol id="sm-ee1">
         <name>__mspabi_srll_9</name>
         <value>0x16034</value>
         <object_component_ref idref="oc-e51"/>
      </symbol>
      <symbol id="sm-ee2">
         <name>__mspabi_srll_6</name>
         <value>0x16040</value>
         <object_component_ref idref="oc-e51"/>
      </symbol>
      <symbol id="sm-ee3">
         <name>__mspabi_srll_7</name>
         <value>0x1603c</value>
         <object_component_ref idref="oc-e51"/>
      </symbol>
      <symbol id="sm-ee4">
         <name>__mspabi_srll_4</name>
         <value>0x16048</value>
         <object_component_ref idref="oc-e51"/>
      </symbol>
      <symbol id="sm-ee5">
         <name>__mspabi_srll_5</name>
         <value>0x16044</value>
         <object_component_ref idref="oc-e51"/>
      </symbol>
      <symbol id="sm-ee6">
         <name>__mspabi_srll_2</name>
         <value>0x16050</value>
         <object_component_ref idref="oc-e51"/>
      </symbol>
      <symbol id="sm-ee7">
         <name>__mspabi_srll_3</name>
         <value>0x1604c</value>
         <object_component_ref idref="oc-e51"/>
      </symbol>
      <symbol id="sm-ee8">
         <name>__mspabi_srll_1</name>
         <value>0x16054</value>
         <object_component_ref idref="oc-e51"/>
      </symbol>
      <symbol id="sm-ee9">
         <name>__mspabi_srll_15</name>
         <value>0x1601c</value>
         <object_component_ref idref="oc-e51"/>
      </symbol>
      <symbol id="sm-eea">
         <name>__mspabi_srll_14</name>
         <value>0x16020</value>
         <object_component_ref idref="oc-e51"/>
      </symbol>
      <symbol id="sm-eeb">
         <name>__mspabi_srll_13</name>
         <value>0x16024</value>
         <object_component_ref idref="oc-e51"/>
      </symbol>
      <symbol id="sm-eec">
         <name>__mspabi_srll_12</name>
         <value>0x16028</value>
         <object_component_ref idref="oc-e51"/>
      </symbol>
      <symbol id="sm-eed">
         <name>__mspabi_srll_11</name>
         <value>0x1602c</value>
         <object_component_ref idref="oc-e51"/>
      </symbol>
      <symbol id="sm-eee">
         <name>__mspabi_srll_10</name>
         <value>0x16030</value>
         <object_component_ref idref="oc-e51"/>
      </symbol>
      <symbol id="sm-eef">
         <name>__mspabi_srll</name>
         <value>0x16798</value>
         <object_component_ref idref="oc-de2"/>
      </symbol>
      <symbol id="sm-efc">
         <name>__mspabi_srlll</name>
         <value>0x1610a</value>
         <object_component_ref idref="oc-d82"/>
      </symbol>
      <symbol id="sm-f0c">
         <name>_c_int00_noargs_mpu</name>
         <value>0x5d14</value>
         <object_component_ref idref="oc-70a"/>
      </symbol>
      <symbol id="sm-f0d">
         <name>_stack</name>
         <value>0x2b60</value>
         <object_component_ref idref="oc-69b"/>
      </symbol>
      <symbol id="sm-f0e">
         <name>_reset_vector</name>
         <value>0xfffe</value>
         <object_component_ref idref="oc-69e"/>
      </symbol>
      <symbol id="sm-f17">
         <name>__mpu_init</name>
         <value>0x16330</value>
         <object_component_ref idref="oc-78d"/>
      </symbol>
      <symbol id="sm-f3b">
         <name>__TI_auto_init_nobinit_nopinit_hold_wdt</name>
         <value>0x15ca4</value>
         <object_component_ref idref="oc-86c"/>
      </symbol>
      <symbol id="sm-f44">
         <name>_system_post_cinit</name>
         <value>0x16926</value>
         <object_component_ref idref="oc-958"/>
      </symbol>
      <symbol id="sm-f4d">
         <name>_system_pre_init</name>
         <value>0x16920</value>
         <object_component_ref idref="oc-775"/>
      </symbol>
      <symbol id="sm-f5d">
         <name>C$$EXIT</name>
         <value>0x16916</value>
         <object_component_ref idref="oc-848"/>
      </symbol>
      <symbol id="sm-f5e">
         <name>abort</name>
         <value>0x16916</value>
         <object_component_ref idref="oc-848"/>
      </symbol>
      <symbol id="sm-f6e">
         <name>memcpy</name>
         <value>0x16710</value>
         <object_component_ref idref="oc-6aa"/>
      </symbol>
      <symbol id="sm-f8f">
         <name>sprintf</name>
         <value>0x15f1c</value>
         <object_component_ref idref="oc-a8f"/>
      </symbol>
      <symbol id="sm-115e">
         <name>__TI_printfi</name>
         <value>0x11c86</value>
         <object_component_ref idref="oc-bdf"/>
      </symbol>
      <symbol id="sm-117d">
         <name>__mspabi_cmpd</name>
         <value>0x148f8</value>
         <object_component_ref idref="oc-d59"/>
      </symbol>
      <symbol id="sm-119e">
         <name>__mspabi_divd</name>
         <value>0x12ffe</value>
         <object_component_ref idref="oc-db7"/>
      </symbol>
      <symbol id="sm-11b9">
         <name>__TI_frcdivd</name>
         <value>0x10810</value>
         <object_component_ref idref="oc-e23"/>
      </symbol>
      <symbol id="sm-11ec">
         <name>__mspabi_divull</name>
         <value>0x1137a</value>
         <object_component_ref idref="oc-d77"/>
      </symbol>
      <symbol id="sm-11f9">
         <name>__mspabi_fixdi</name>
         <value>0x16386</value>
         <object_component_ref idref="oc-e0a"/>
      </symbol>
      <symbol id="sm-1208">
         <name>__mspabi_fixdli</name>
         <value>0x15962</value>
         <object_component_ref idref="oc-df2"/>
      </symbol>
      <symbol id="sm-1211">
         <name>__mspabi_fltid</name>
         <value>0x16868</value>
         <object_component_ref idref="oc-e3e"/>
      </symbol>
      <symbol id="sm-1229">
         <name>__mspabi_fltlid</name>
         <value>0x15044</value>
         <object_component_ref idref="oc-dfe"/>
      </symbol>
      <symbol id="sm-124a">
         <name>__mspabi_mpyd</name>
         <value>0x1292c</value>
         <object_component_ref idref="oc-db1"/>
      </symbol>
      <symbol id="sm-125a">
         <name>__TI_frcmpyd</name>
         <value>0x121ca</value>
         <object_component_ref idref="oc-e1b"/>
      </symbol>
      <symbol id="sm-1263">
         <name>__mspabi_negd</name>
         <value>0x162d4</value>
         <object_component_ref idref="oc-d3b"/>
      </symbol>
      <symbol id="sm-1270">
         <name>__mspabi_sllll</name>
         <value>0x160d0</value>
         <object_component_ref idref="oc-ddc"/>
      </symbol>
      <symbol id="sm-1280">
         <name>__mspabi_sral</name>
         <value>0x16778</value>
         <object_component_ref idref="oc-ea3"/>
      </symbol>
      <symbol id="sm-1281">
         <name>__mspabi_sral_15</name>
         <value>0x15fa0</value>
         <object_component_ref idref="oc-e61"/>
      </symbol>
      <symbol id="sm-1282">
         <name>__mspabi_sral_14</name>
         <value>0x15fa4</value>
         <object_component_ref idref="oc-e61"/>
      </symbol>
      <symbol id="sm-1283">
         <name>__mspabi_sral_13</name>
         <value>0x15fa8</value>
         <object_component_ref idref="oc-e61"/>
      </symbol>
      <symbol id="sm-1284">
         <name>__mspabi_sral_12</name>
         <value>0x15fac</value>
         <object_component_ref idref="oc-e61"/>
      </symbol>
      <symbol id="sm-1285">
         <name>__mspabi_sral_11</name>
         <value>0x15fb0</value>
         <object_component_ref idref="oc-e61"/>
      </symbol>
      <symbol id="sm-1286">
         <name>__mspabi_sral_10</name>
         <value>0x15fb4</value>
         <object_component_ref idref="oc-e61"/>
      </symbol>
      <symbol id="sm-1287">
         <name>__mspabi_sral_8</name>
         <value>0x15fbc</value>
         <object_component_ref idref="oc-e61"/>
      </symbol>
      <symbol id="sm-1288">
         <name>__mspabi_sral_9</name>
         <value>0x15fb8</value>
         <object_component_ref idref="oc-e61"/>
      </symbol>
      <symbol id="sm-1289">
         <name>__mspabi_sral_6</name>
         <value>0x15fc4</value>
         <object_component_ref idref="oc-e61"/>
      </symbol>
      <symbol id="sm-128a">
         <name>__mspabi_sral_7</name>
         <value>0x15fc0</value>
         <object_component_ref idref="oc-e61"/>
      </symbol>
      <symbol id="sm-128b">
         <name>__mspabi_sral_4</name>
         <value>0x15fcc</value>
         <object_component_ref idref="oc-e61"/>
      </symbol>
      <symbol id="sm-128c">
         <name>__mspabi_sral_5</name>
         <value>0x15fc8</value>
         <object_component_ref idref="oc-e61"/>
      </symbol>
      <symbol id="sm-128d">
         <name>__mspabi_sral_2</name>
         <value>0x15fd4</value>
         <object_component_ref idref="oc-e61"/>
      </symbol>
      <symbol id="sm-128e">
         <name>__mspabi_sral_3</name>
         <value>0x15fd0</value>
         <object_component_ref idref="oc-e61"/>
      </symbol>
      <symbol id="sm-128f">
         <name>__mspabi_sral_1</name>
         <value>0x15fd8</value>
         <object_component_ref idref="oc-e61"/>
      </symbol>
      <symbol id="sm-1298">
         <name>__mspabi_subd</name>
         <value>0x16216</value>
         <object_component_ref idref="oc-e04"/>
      </symbol>
      <symbol id="sm-12ba">
         <name>__mspabi_addd</name>
         <value>0x116c8</value>
         <object_component_ref idref="oc-e58"/>
      </symbol>
      <symbol id="sm-12db">
         <name>__TI_frcaddd</name>
         <value>0x12b92</value>
         <object_component_ref idref="oc-e8b"/>
      </symbol>
      <symbol id="sm-12ef">
         <name>__TI_renormd</name>
         <value>0x14cee</value>
         <object_component_ref idref="oc-ea8"/>
      </symbol>
      <symbol id="sm-12f9">
         <name>abs</name>
         <value>0x168c4</value>
         <object_component_ref idref="oc-e11"/>
      </symbol>
      <symbol id="sm-130c">
         <name>atoi</name>
         <value>0x159c8</value>
         <object_component_ref idref="oc-cd6"/>
      </symbol>
      <symbol id="sm-1316">
         <name>_ctypes_</name>
         <value>0x626c</value>
         <object_component_ref idref="oc-d1c"/>
      </symbol>
      <symbol id="sm-131d">
         <name>errno</name>
         <value>0x2496</value>
         <object_component_ref idref="oc-cfe"/>
      </symbol>
      <symbol id="sm-1339">
         <name>frexpl</name>
         <value>0x14f9e</value>
         <object_component_ref idref="oc-dbe"/>
      </symbol>
      <symbol id="sm-133a">
         <name>frexp</name>
         <value>0x14f9e</value>
         <object_component_ref idref="oc-dbe"/>
      </symbol>
      <symbol id="sm-1353">
         <name>scalbn</name>
         <value>0x13ce6</value>
         <object_component_ref idref="oc-e32"/>
      </symbol>
      <symbol id="sm-1354">
         <name>scalbnl</name>
         <value>0x13ce6</value>
         <object_component_ref idref="oc-e32"/>
      </symbol>
      <symbol id="sm-1355">
         <name>ldexpl</name>
         <value>0x13ce6</value>
         <object_component_ref idref="oc-e32"/>
      </symbol>
      <symbol id="sm-1356">
         <name>ldexp</name>
         <value>0x13ce6</value>
         <object_component_ref idref="oc-e32"/>
      </symbol>
      <symbol id="sm-135f">
         <name>copysign</name>
         <value>0x16302</value>
         <object_component_ref idref="oc-e7a"/>
      </symbol>
      <symbol id="sm-1360">
         <name>copysignl</name>
         <value>0x16302</value>
         <object_component_ref idref="oc-e7a"/>
      </symbol>
      <symbol id="sm-136f">
         <name>ltoa</name>
         <value>0x154c0</value>
         <object_component_ref idref="oc-df8"/>
      </symbol>
      <symbol id="sm-137e">
         <name>memccpy</name>
         <value>0x1653a</value>
         <object_component_ref idref="oc-cf0"/>
      </symbol>
      <symbol id="sm-138c">
         <name>memset</name>
         <value>0x1667a</value>
         <object_component_ref idref="oc-cdd"/>
      </symbol>
      <symbol id="sm-139b">
         <name>strchr</name>
         <value>0x165c8</value>
         <object_component_ref idref="oc-e38"/>
      </symbol>
      <symbol id="sm-13a8">
         <name>strlen</name>
         <value>0x16842</value>
         <object_component_ref idref="oc-c84"/>
      </symbol>
      <symbol id="sm-13b5">
         <name>toupper</name>
         <value>0x16736</value>
         <object_component_ref idref="oc-d35"/>
      </symbol>
      <symbol id="sm-13cd">
         <name>wcslen</name>
         <value>0x166d2</value>
         <object_component_ref idref="oc-cf8"/>
      </symbol>
      <symbol id="sm-13d2">
         <name>Sharp96x96_initDisplay</name>
         <value>0x15880</value>
      </symbol>
   </symbol_table>
   <title>Link successful</title>
</link_info>
